Component: ARM Compiler 5.06 update 7 (build 960) Tool: armlink [4d3601]

==============================================================================

Section Cross References

    stm32l4xx_it.o(i.EXTI0_IRQHandler) refers to nucleo_l476rg_bus.o(i.BSP_SPI1_IRQHandler) for BSP_SPI1_IRQHandler
    stm32l4xx_it.o(i.SysTick_Handler) refers to stm32l4xx_hal.o(i.HAL_IncTick) for HAL_IncTick
    main.o(i.main) refers to stm32l4xx_hal.o(i.HAL_Init) for HAL_Init
    main.o(i.main) refers to stm32l4xx_hal_msp.o(i.SystemClock_Config) for SystemClock_Config
    main.o(i.main) refers to nfc06a1.o(i.NFC06A1_LED_Init) for NFC06A1_LED_Init
    main.o(i.main) refers to stm32l4xx_nucleo.o(i.BSP_PB_Init) for BSP_PB_Init
    main.o(i.main) refers to nucleo_l476rg_bus.o(i.BSP_SPI1_Init) for BSP_SPI1_Init
    main.o(i.main) refers to logger.o(i.logUsartInit) for logUsartInit
    main.o(i.main) refers to logger.o(i.logUsart) for logUsart
    main.o(i.main) refers to ndef_demo.o(i.demoIni) for demoIni
    main.o(i.main) refers to nfc06a1.o(i.NFC06A1_LED_Toggle) for NFC06A1_LED_Toggle
    main.o(i.main) refers to stm32l4xx_hal.o(i.HAL_Delay) for HAL_Delay
    main.o(i.main) refers to nfc06a1.o(i.NFC06A1_LED_OFF) for NFC06A1_LED_OFF
    main.o(i.main) refers to ndef_demo.o(i.demoCycle) for demoCycle
    main.o(i.main) refers to main.o(.bss) for .bss
    demo_ce.o(i.cmdCompare) refers to memcmp.o(.text) for memcmp
    demo_ce.o(i.demoCeInit) refers to memmovea.o(.text) for __aeabi_memcpy
    demo_ce.o(i.demoCeInit) refers to demo_ce.o(.data) for .data
    demo_ce.o(i.demoCeInit) refers to demo_ce.o(.constdata) for .constdata
    demo_ce.o(i.demoCeInit) refers to demo_ce.o(.bss) for .bss
    demo_ce.o(i.demoCeT3T) refers to demo_ce.o(i.demoCeT3TCheck) for demoCeT3TCheck
    demo_ce.o(i.demoCeT3T) refers to demo_ce.o(i.demoCeT3TUpdate) for demoCeT3TUpdate
    demo_ce.o(i.demoCeT3TCheck) refers to memcmp.o(.text) for memcmp
    demo_ce.o(i.demoCeT3TCheck) refers to memmovea.o(.text) for __aeabi_memcpy
    demo_ce.o(i.demoCeT3TCheck) refers to demo_ce.o(.data) for .data
    demo_ce.o(i.demoCeT3TCheck) refers to demo_ce.o(.bss) for .bss
    demo_ce.o(i.demoCeT3TUpdate) refers to memcmp.o(.text) for memcmp
    demo_ce.o(i.demoCeT3TUpdate) refers to memmovea.o(.text) for __aeabi_memcpy
    demo_ce.o(i.demoCeT3TUpdate) refers to demo_ce.o(.data) for .data
    demo_ce.o(i.demoCeT3TUpdate) refers to demo_ce.o(.bss) for .bss
    demo_ce.o(i.demoCeT4T) refers to demo_ce.o(i.demoCeT4TSelect) for demoCeT4TSelect
    demo_ce.o(i.demoCeT4T) refers to demo_ce.o(i.demoCeT4TRead) for demoCeT4TRead
    demo_ce.o(i.demoCeT4T) refers to memmovea.o(.text) for __aeabi_memcpy
    demo_ce.o(i.demoCeT4T) refers to demo_ce.o(.data) for .data
    demo_ce.o(i.demoCeT4T) refers to demo_ce.o(.bss) for .bss
    demo_ce.o(i.demoCeT4TRead) refers to memmovea.o(.text) for __aeabi_memcpy
    demo_ce.o(i.demoCeT4TRead) refers to demo_ce.o(.data) for .data
    demo_ce.o(i.demoCeT4TRead) refers to demo_ce.o(.bss) for .bss
    demo_ce.o(i.demoCeT4TSelect) refers to demo_ce.o(i.cmdCompare) for cmdCompare
    demo_ce.o(i.demoCeT4TSelect) refers to demo_ce.o(.data) for .data
    logger.o(i.hex2Str) refers to logger.o(.bss) for .bss
    logger.o(i.hex2Str) refers to logger.o(.data) for .data
    logger.o(i.logITM) refers to printfa.o(i.__0vsnprintf) for vsnprintf
    logger.o(i.logITM) refers to strlen.o(.text) for strlen
    logger.o(i.logITM) refers to logger.o(i.logITMTx) for logITMTx
    logger.o(i.logITM) refers to stm32l4xx_hal.o(i.HAL_Delay) for HAL_Delay
    logger.o(i.logUsart) refers to printfa.o(i.__0vsnprintf) for vsnprintf
    logger.o(i.logUsart) refers to strlen.o(.text) for strlen
    logger.o(i.logUsart) refers to logger.o(i.logUsartTx) for logUsartTx
    logger.o(i.logUsartInit) refers to stm32l4xx_hal_uart.o(i.HAL_UART_Init) for HAL_UART_Init
    logger.o(i.logUsartInit) refers to logger.o(.data) for .data
    logger.o(i.logUsartTx) refers to stm32l4xx_hal_uart.o(i.HAL_UART_Transmit) for HAL_UART_Transmit
    logger.o(i.logUsartTx) refers to logger.o(.data) for .data
    stm32l4xx_hal_msp.o(i.HAL_MspInit) refers to stm32l4xx_hal_gpio.o(i.HAL_GPIO_Init) for HAL_GPIO_Init
    stm32l4xx_hal_msp.o(i.HAL_MspInit) refers to stm32l4xx_hal_cortex.o(i.HAL_NVIC_SetPriorityGrouping) for HAL_NVIC_SetPriorityGrouping
    stm32l4xx_hal_msp.o(i.HAL_MspInit) refers to stm32l4xx_hal_cortex.o(i.HAL_NVIC_SetPriority) for HAL_NVIC_SetPriority
    stm32l4xx_hal_msp.o(i.HAL_UART_MspDeInit) refers to stm32l4xx_hal_gpio.o(i.HAL_GPIO_DeInit) for HAL_GPIO_DeInit
    stm32l4xx_hal_msp.o(i.HAL_UART_MspInit) refers to stm32l4xx_hal_gpio.o(i.HAL_GPIO_Init) for HAL_GPIO_Init
    stm32l4xx_hal_msp.o(i.SystemClock_Config) refers to stm32l4xx_hal_rcc.o(i.HAL_RCC_OscConfig) for HAL_RCC_OscConfig
    stm32l4xx_hal_msp.o(i.SystemClock_Config) refers to main.o(i._Error_Handler) for _Error_Handler
[...]
    st25r3916InitInterrupts                  0x08010ffd   Thumb Code    14  st25r3916_irq.o(i.st25r3916InitInterrupts)
    st25r3916Initialize                      0x08011011   Thumb Code   138  st25r3916.o(i.st25r3916Initialize)
    st25r3916IsRegValid                      0x080110dd   Thumb Code    12  st25r3916_com.o(i.st25r3916IsRegValid)
    st25r3916Isr                             0x080110e9   Thumb Code    24  st25r3916_irq.o(i.st25r3916Isr)
    st25r3916MeasureAmplitude                0x08011105   Thumb Code    12  st25r3916.o(i.st25r3916MeasureAmplitude)
    st25r3916MeasureCapacitance              0x08011111   Thumb Code    12  st25r3916.o(i.st25r3916MeasureCapacitance)
    st25r3916MeasurePhase                    0x0801111d   Thumb Code    12  st25r3916.o(i.st25r3916MeasurePhase)
    st25r3916MeasurePowerSupply              0x08011129   Thumb Code    30  st25r3916.o(i.st25r3916MeasurePowerSupply)
    st25r3916MeasureVoltage                  0x08011147   Thumb Code    32  st25r3916.o(i.st25r3916MeasureVoltage)
    st25r3916ModifyInterrupts                0x08011169   Thumb Code    66  st25r3916_irq.o(i.st25r3916ModifyInterrupts)
    st25r3916ModifyRegister                  0x080111b1   Thumb Code    46  st25r3916_com.o(i.st25r3916ModifyRegister)
    st25r3916OscOn                           0x080111df   Thumb Code    68  st25r3916.o(i.st25r3916OscOn)
    st25r3916PerformCollisionAvoidance       0x08011225   Thumb Code   144  st25r3916.o(i.st25r3916PerformCollisionAvoidance)
    st25r3916ReadFifo                        0x080112bd   Thumb Code    38  st25r3916_com.o(i.st25r3916ReadFifo)
    st25r3916ReadMultipleRegisters           0x080112e3   Thumb Code    56  st25r3916_com.o(i.st25r3916ReadMultipleRegisters)
    st25r3916ReadRegister                    0x0801131b   Thumb Code     6  st25r3916_com.o(i.st25r3916ReadRegister)
    st25r3916ReadTestRegister                0x08011321   Thumb Code    48  st25r3916_com.o(i.st25r3916ReadTestRegister)
    st25r3916SetBitrate                      0x08011351   Thumb Code    76  st25r3916.o(i.st25r3916SetBitrate)
    st25r3916SetGPTime                       0x0801139d   Thumb Code    24  st25r3916.o(i.st25r3916SetGPTime)
    st25r3916SetNoResponseTime               0x080113b5   Thumb Code    68  st25r3916.o(i.st25r3916SetNoResponseTime)
    st25r3916SetNumTxBits                    0x080113fd   Thumb Code    24  st25r3916.o(i.st25r3916SetNumTxBits)
    st25r3916SetRegisterBits                 0x08011415   Thumb Code    36  st25r3916_com.o(i.st25r3916SetRegisterBits)
    st25r3916SetStartGPTimer                 0x08011439   Thumb Code    30  st25r3916.o(i.st25r3916SetStartGPTimer)
    st25r3916StreamConfigure                 0x08011457   Thumb Code   104  st25r3916.o(i.st25r3916StreamConfigure)
    st25r3916WaitForInterruptsTimed          0x080114c1   Thumb Code    98  st25r3916_irq.o(i.st25r3916WaitForInterruptsTimed)
    st25r3916WriteFifo                       0x0801152d   Thumb Code    52  st25r3916_com.o(i.st25r3916WriteFifo)
    st25r3916WriteMultipleRegisters          0x08011561   Thumb Code    70  st25r3916_com.o(i.st25r3916WriteMultipleRegisters)
    st25r3916WritePTMem                      0x080115a7   Thumb Code    50  st25r3916_com.o(i.st25r3916WritePTMem)
    st25r3916WritePTMemF                     0x080115d9   Thumb Code    50  st25r3916_com.o(i.st25r3916WritePTMemF)
    st25r3916WritePTMemTSN                   0x0801160b   Thumb Code    50  st25r3916_com.o(i.st25r3916WritePTMemTSN)
    st25r3916WriteRegister                   0x0801163d   Thumb Code    16  st25r3916_com.o(i.st25r3916WriteRegister)
    st25r3916WriteTestRegister               0x0801164d   Thumb Code    52  st25r3916_com.o(i.st25r3916WriteTestRegister)
    st25r3916ledEvtCmd                       0x0801172b   Thumb Code    48  st25r3916_led.o(i.st25r3916ledEvtCmd)
    st25r3916ledEvtIrq                       0x0801175b   Thumb Code    20  st25r3916_led.o(i.st25r3916ledEvtIrq)
    st25r3916ledEvtWrMultiReg                0x0801176f   Thumb Code    36  st25r3916_led.o(i.st25r3916ledEvtWrMultiReg)
    st25r3916ledEvtWrReg                     0x08011793   Thumb Code    28  st25r3916_led.o(i.st25r3916ledEvtWrReg)
    st25r3916ledInit                         0x080117af   Thumb Code    14  st25r3916_led.o(i.st25r3916ledInit)
    timerCalculateTimer                      0x080117bd   Thumb Code    12  timer.o(i.timerCalculateTimer)
    timerIsExpired                           0x080117c9   Thumb Code    20  timer.o(i.timerIsExpired)
    rfalAnalogConfigCustomSettings           0x080117dc   Data         664  analogconfigtbl_nfc06a1.o(.constdata)
    rfalAnalogConfigCustomSettingsLength     0x08011a74   Data           2  analogconfigtbl_nfc06a1.o(.constdata)
    AHBPrescTable                            0x08011bb8   Data          16  system_stm32l4xx.o(.constdata)
    MSIRangeTable                            0x08011bc8   Data          48  system_stm32l4xx.o(.constdata)
    APBPrescTable                            0x08011bf8   Data           8  system_stm32l4xx.o(.constdata)
    GPIO_PIN                                 0x08011c00   Data           2  stm32l4xx_nucleo.o(.constdata)
    BUTTON_PIN                               0x08011c02   Data           2  stm32l4xx_nucleo.o(.constdata)
    BUTTON_IRQn                              0x08011c04   Data           2  stm32l4xx_nucleo.o(.constdata)
    bufMediaTypeVCard                        0x08011cc0   Data           8  ndef_types_mime.o(.constdata)
    bufRtdTypeDeviceInfo                     0x08011cf0   Data           8  ndef_types_rtd.o(.constdata)
    bufRtdTypeText                           0x08011cf8   Data           8  ndef_types_rtd.o(.constdata)
    bufRtdTypeUri                            0x08011d00   Data           8  ndef_types_rtd.o(.constdata)
    bufRtdTypeAar                            0x08011d08   Data           8  ndef_types_rtd.o(.constdata)
    bufMediaTypeWifi                         0x080120b0   Data           8  ndef_type_wifi.o(.constdata)
    Region$$Table$$Base                      0x08012644   Number         0  anon$$obj.o(Region$$Table)
    Region$$Table$$Limit                     0x08012664   Number         0  anon$$obj.o(Region$$Table)
    globalCommProtectCnt                     0x20000000   Data           1  main.o(.data)
    hexStrIdx                                0x20000004   Data           1  logger.o(.data)
    pLogUsart                                0x20000008   Data           4  logger.o(.data)
    hExti0                                   0x20000010   Data           8  nucleo_l476rg_bus.o(.data)
    SystemCoreClock                          0x200000e4   Data           4  system_stm32l4xx.o(.data)
    uwTickPrio                               0x200000ec   Data           4  stm32l4xx_hal.o(.data)
    uwTickFreq                               0x200000f0   Data           4  stm32l4xx_hal.o(.data)
    uwTick                                   0x200000f4   Data           4  stm32l4xx_hal.o(.data)
    GPIO_PORT                                0x20000128   Data           4  stm32l4xx_nucleo.o(.data)
    BUTTON_PORT                              0x2000012c   Data           4  stm32l4xx_nucleo.o(.data)
    hnucleo_SpixTimeout                      0x20000130   Data           4  stm32l4xx_nucleo.o(.data)
    hlogger                                  0x200001bc   Data         128  main.o(.bss)
    hexStr                                   0x2000023c   Data         512  logger.o(.bss)
    Handle_Spi1                              0x2000043c   Data         140  nucleo_l476rg_bus.o(.bss)
    __initial_sp                             0x20004cc0   Data           0  startup_stm32l476xx.o(STACK)



==============================================================================

Memory Map of the image

  Image Entry point : 0x08000189

  Load Region LR_IROM1 (Base: 0x08000000, Size: 0x00012820, Max: 0x00100000, ABSOLUTE, COMPRESSED[0x00012768])

    Execution Region ER_IROM1 (Exec base: 0x08000000, Load base: 0x08000000, Size: 0x00012664, Max: 0x00100000, ABSOLUTE)

    Exec Addr    Load Addr    Size         Type   Attr      Idx    E Section Name        Object

    0x08000000   0x08000000   0x00000188   Data   RO          126    RESET               startup_stm32l476xx.o
    0x08000188   0x08000188   0x00000000   Code   RO         1342  * .ARM.Collect$$$$00000000  mc_w.l(entry.o)
    0x08000188   0x08000188   0x00000004   Code   RO         1371    .ARM.Collect$$$$00000001  mc_w.l(entry2.o)
    0x0800018c   0x0800018c   0x00000004   Code   RO         1374    .ARM.Collect$$$$00000004  mc_w.l(entry5.o)
    0x08000190   0x08000190   0x00000000   Code   RO         1376    .ARM.Collect$$$$00000008  mc_w.l(entry7b.o)
    0x08000190   0x08000190   0x00000000   Code   RO         1378    .ARM.Collect$$$$0000000A  mc_w.l(entry8b.o)
    0x08000190   0x08000190   0x00000008   Code   RO         1379    .ARM.Collect$$$$0000000B  mc_w.l(entry9a.o)
    0x08000198   0x08000198   0x00000004   Code   RO         1386    .ARM.Collect$$$$0000000E  mc_w.l(entry12b.o)
    0x0800019c   0x0800019c   0x00000000   Code   RO         1381    .ARM.Collect$$$$0000000F  mc_w.l(entry10a.o)
    0x0800019c   0x0800019c   0x00000000   Code   RO         1383    .ARM.Collect$$$$00000011  mc_w.l(entry11a.o)
    0x0800019c   0x0800019c   0x00000004   Code   RO         1372    .ARM.Collect$$$$00002712  mc_w.l(entry2.o)
    0x080001a0   0x080001a0   0x00000024   Code   RO          127    .text               startup_stm32l476xx.o
    0x080001c4   0x080001c4   0x00000068   Code   RO         1345    .text               mc_w.l(uldiv.o)
    0x0800022c   0x0800022c   0x00000040   Code   RO         1347    .text               mc_w.l(memmovea.o)
    0x0800026c   0x0800026c   0x00000024   Code   RO         1348    .text               mc_w.l(memseta.o)
    0x08000290   0x08000290   0x0000000e   Code   RO         1349    .text               mc_w.l(strlen.o)
    0x0800029e   0x0800029e   0x0000001a   Code   RO         1350    .text               mc_w.l(memcmp.o)
    0x080002b8   0x080002b8   0x0000015e   Code   RO         1367    .text               mf_w.l(dadd.o)
    0x08000416   0x08000416   0x000000ea   Code   RO         1368    .text               mf_w.l(dmul.o)
    0x08000500   0x08000500   0x0000002c   Code   RO         1389    .text               mc_w.l(uidiv.o)
    0x0800052c   0x0800052c   0x0000001e   Code   RO         1390    .text               mc_w.l(llshl.o)
    0x0800054a   0x0800054a   0x00000020   Code   RO         1391    .text               mc_w.l(llushr.o)
    0x0800056a   0x0800056a   0x00000024   Code   RO         1392    .text               mc_w.l(llsshr.o)
    0x0800058e   0x0800058e   0x00000000   Code   RO         1397    .text               mc_w.l(iusefp.o)
    0x0800058e   0x0800058e   0x000000ba   Code   RO         1398    .text               mf_w.l(depilogue.o)
    0x08000648   0x08000648   0x000000de   Code   RO         1399    .text               mf_w.l(ddiv.o)
    0x08000726   0x08000726   0x00000030   Code   RO         1401    .text               mf_w.l(dfixul.o)
    0x08000756   0x08000756   0x00000002   PAD
    0x08000758   0x08000758   0x00000030   Code   RO         1403    .text               mf_w.l(cdrcmple.o)
    0x08000788   0x08000788   0x00000024   Code   RO         1404    .text               mc_w.l(init.o)
    0x080007ac   0x080007ac   0x00000056   Code   RO         1412    .text               mc_w.l(__dczerorl2.o)
    0x08000802   0x08000802   0x00000004   Code   RO           62    i.BSP_GetTick       nucleo_l476rg_bus.o
    0x08000806   0x08000806   0x00000002   PAD
    0x08000808   0x08000808   0x00000094   Code   RO         1059    i.BSP_PB_Init       stm32l4xx_nucleo.o
    0x0800089c   0x0800089c   0x0000000c   Code   RO           65    i.BSP_SPI1_IRQHandler  nucleo_l476rg_bus.o
    0x080008a8   0x080008a8   0x00000004   Code   RO           66    i.BSP_SPI1_IRQ_Callback  nucleo_l476rg_bus.o
    0x080008ac   0x080008ac   0x0000006c   Code   RO           67    i.BSP_SPI1_Init     nucleo_l476rg_bus.o
    0x08000918   0x08000918   0x0000004c   Code   RO           69    i.BSP_SPI1_RegisterDefaultMspCallbacks  nucleo_l476rg_bus.o
    0x08000964   0x08000964   0x00000044   Code   RO           72    i.BSP_SPI1_SendRecv  nucleo_l476rg_bus.o
    0x080009a8   0x080009a8   0x00000002   Code   RO            4    i.BusFault_Handler  stm32l4xx_it.o
    0x080009aa   0x080009aa   0x00000002   Code   RO            5    i.DebugMon_Handler  stm32l4xx_it.o
    0x080009ac   0x080009ac   0x00000004   Code   RO            6    i.EXTI0_IRQHandler  stm32l4xx_it.o
    0x080009b0   0x080009b0   0x00000024   Code   RO          584    i.HAL_Delay         stm32l4xx_hal.o
    0x080009d4   0x080009d4   0x0000000c   Code   RO          658    i.HAL_EXTI_GetHandle  stm32l4xx_hal_exti.o
    0x080009e0   0x080009e0   0x0000002c   Code   RO          660    i.HAL_EXTI_IRQHandler  stm32l4xx_hal_exti.o
    0x08000a0c   0x08000a0c   0x0000000e   Code   RO          661    i.HAL_EXTI_RegisterCallback  stm32l4xx_hal_exti.o
    0x08000a1a   0x08000a1a   0x00000002   PAD
    0x08000a1c   0x08000a1c   0x00000166   Code   RO          684    i.HAL_GPIO_DeInit   stm32l4xx_hal_gpio.o
    0x08000b82   0x08000b82   0x00000002   PAD
    0x08000b84   0x08000b84   0x000001ca   Code   RO          687    i.HAL_GPIO_Init     stm32l4xx_hal_gpio.o
    0x08000d4e   0x08000d4e   0x0000000a   Code   RO          689    i.HAL_GPIO_ReadPin  stm32l4xx_hal_gpio.o
    0x08000d58   0x08000d58   0x0000000e   Code   RO          690    i.HAL_GPIO_TogglePin  stm32l4xx_hal_gpio.o
    0x08000d66   0x08000d66   0x0000000a   Code   RO          691    i.HAL_GPIO_WritePin  stm32l4xx_hal_gpio.o
    0x08000d70   0x08000d70   0x0000000c   Code   RO          588    i.HAL_GetTick       stm32l4xx_hal.o
    0x08000d7c   0x08000d7c   0x00000010   Code   RO          594    i.HAL_IncTick       stm32l4xx_hal.o
    0x08000d8c   0x08000d8c   0x0000001e   Code   RO          595    i.HAL_Init          stm32l4xx_hal.o
    0x08000daa   0x08000daa   0x00000002   PAD
    0x08000dac   0x08000dac   0x00000044   Code   RO          596    i.HAL_InitTick      stm32l4xx_hal.o
    0x08000df0   0x08000df0   0x00000188   Code   RO           50    i.HAL_MspInit       stm32l4xx_hal_msp.o
    0x08000f78   0x08000f78   0x00000022   Code   RO          620    i.HAL_NVIC_DisableIRQ  stm32l4xx_hal_cortex.o
    0x08000f9a   0x08000f9a   0x0000001a   Code   RO          621    i.HAL_NVIC_EnableIRQ  stm32l4xx_hal_cortex.o
    0x08000fb4   0x08000fb4   0x00000040   Code   RO          627    i.HAL_NVIC_SetPriority  stm32l4xx_hal_cortex.o
    0x08000ff4   0x08000ff4   0x00000024   Code   RO          628    i.HAL_NVIC_SetPriorityGrouping  stm32l4xx_hal_cortex.o
    0x08001018   0x08001018   0x00000068   Code   RO          805    i.HAL_PWREx_ControlVoltageScaling  stm32l4xx_hal_pwr_ex.o
    0x08001080   0x08001080   0x00000010   Code   RO          836    i.HAL_PWREx_GetVoltageRange  stm32l4xx_hal_pwr_ex.o
    0x08001090   0x08001090   0x00000010   Code   RO          870    i.HAL_RCCEx_EnableMSIPLLMode  stm32l4xx_hal_rcc_ex.o
    0x080010a0   0x080010a0   0x000003ae   Code   RO          877    i.HAL_RCCEx_PeriphCLKConfig  stm32l4xx_hal_rcc_ex.o
    0x0800144e   0x0800144e   0x00000002   PAD
    0x08001450   0x08001450   0x00000120   Code   RO          846    i.HAL_RCC_ClockConfig  stm32l4xx_hal_rcc.o
    0x08001570   0x08001570   0x00000024   Code   RO          852    i.HAL_RCC_GetPCLK1Freq  stm32l4xx_hal_rcc.o
    0x08001594   0x08001594   0x00000024   Code   RO          853    i.HAL_RCC_GetPCLK2Freq  stm32l4xx_hal_rcc.o
    0x080015b8   0x080015b8   0x000000a4   Code   RO          854    i.HAL_RCC_GetSysClockFreq  stm32l4xx_hal_rcc.o
    0x0800165c   0x0800165c   0x000004e0   Code   RO          857    i.HAL_RCC_OscConfig  stm32l4xx_hal_rcc.o
    0x08001b3c   0x08001b3c   0x00000002   Code   RO          887    i.HAL_SPI_AbortCpltCallback  stm32l4xx_hal_spi.o
    0x08001b3e   0x08001b3e   0x00000002   Code   RO          893    i.HAL_SPI_ErrorCallback  stm32l4xx_hal_spi.o
    0x08001b40   0x08001b40   0x00000006   Code   RO          895    i.HAL_SPI_GetState  stm32l4xx_hal_spi.o
    0x08001b46   0x08001b46   0x00000002   PAD
    0x08001b48   0x08001b48   0x0000011c   Code   RO          897    i.HAL_SPI_Init      stm32l4xx_hal_spi.o
    0x08001c64   0x08001c64   0x00000002   Code   RO          899    i.HAL_SPI_MspInit   stm32l4xx_hal_spi.o
    0x08001c66   0x08001c66   0x00000090   Code   RO          903    i.HAL_SPI_RegisterCallback  stm32l4xx_hal_spi.o
    0x08001cf6   0x08001cf6   0x00000002   Code   RO          904    i.HAL_SPI_RxCpltCallback  stm32l4xx_hal_spi.o
    0x08001cf8   0x08001cf8   0x00000002   Code   RO          905    i.HAL_SPI_RxHalfCpltCallback  stm32l4xx_hal_spi.o
    0x08001cfa   0x08001cfa   0x00000350   Code   RO          907    i.HAL_SPI_TransmitReceive  stm32l4xx_hal_spi.o
    0x0800204a   0x0800204a   0x00000002   Code   RO          912    i.HAL_SPI_TxCpltCallback  stm32l4xx_hal_spi.o
    0x0800204c   0x0800204c   0x00000002   Code   RO          913    i.HAL_SPI_TxHalfCpltCallback  stm32l4xx_hal_spi.o
    0x0800204e   0x0800204e   0x00000002   Code   RO          914    i.HAL_SPI_TxRxCpltCallback  stm32l4xx_hal_spi.o
    0x08002050   0x08002050   0x00000002   Code   RO          915    i.HAL_SPI_TxRxHalfCpltCallback  stm32l4xx_hal_spi.o
    0x08002052   0x08002052   0x00000028   Code   RO          632    i.HAL_SYSTICK_Config  stm32l4xx_hal_cortex.o
    0x0800207a   0x0800207a   0x00000066   Code   RO          981    i.HAL_UART_Init     stm32l4xx_hal_uart.o
    0x080020e0   0x080020e0   0x00000058   Code   RO           52    i.HAL_UART_MspInit  stm32l4xx_hal_msp.o
    0x08002138   0x08002138   0x000000b4   Code   RO          989    i.HAL_UART_Transmit  stm32l4xx_hal_uart.o
    0x080021ec   0x080021ec   0x00000002   Code   RO            7    i.HardFault_Handler  stm32l4xx_it.o
    0x080021ee   0x080021ee   0x00000020   Code   RO           84    i.LedNotificationWriteDone  ndef_demo.o
    0x0800220e   0x0800220e   0x00000038   Code   RO           73    i.MX_SPI1_Init      nucleo_l476rg_bus.o
    0x08002246   0x08002246   0x00000002   Code   RO            8    i.MemManage_Handler  stm32l4xx_it.o
    0x08002248   0x08002248   0x00000080   Code   RO         1043    i.NFC06A1_LED_Init  nfc06a1.o
    0x080022c8   0x080022c8   0x00000018   Code   RO         1044    i.NFC06A1_LED_OFF   nfc06a1.o
    0x080022e0   0x080022e0   0x00000014   Code   RO         1046    i.NFC06A1_LED_Toggle  nfc06a1.o
    0x080022f4   0x080022f4   0x00000002   Code   RO            9    i.NMI_Handler       stm32l4xx_it.o
    0x080022f6   0x080022f6   0x00000002   Code   RO           10    i.PendSV_Handler    stm32l4xx_it.o
    0x080022f8   0x080022f8   0x0000012c   Code   RO          881    i.RCCEx_PLLSAI1_Config  stm32l4xx_hal_rcc_ex.o
    0x08002424   0x08002424   0x00000108   Code   RO          882    i.RCCEx_PLLSAI2_Config  stm32l4xx_hal_rcc_ex.o
    0x0800252c   0x0800252c   0x0000007c   Code   RO          858    i.RCC_SetFlashLatencyFromMSIRange  stm32l4xx_hal_rcc.o
    0x080025a8   0x080025a8   0x00000048   Code   RO           74    i.SPI1_MspDeInit    nucleo_l476rg_bus.o
    0x080025f0   0x080025f0   0x00000110   Code   RO           75    i.SPI1_MspInit      nucleo_l476rg_bus.o
    0x08002700   0x08002700   0x00000048   Code   RO          939    i.SPI_EndRxTxTransaction  stm32l4xx_hal_spi.o
    0x08002748   0x08002748   0x00000096   Code   RO          946    i.SPI_WaitFifoStateUntilTimeout  stm32l4xx_hal_spi.o
    0x080027de   0x080027de   0x00000094   Code   RO          947    i.SPI_WaitFlagStateUntilTimeout  stm32l4xx_hal_spi.o
    0x08002872   0x08002872   0x00000002   Code   RO           11    i.SVC_Handler       stm32l4xx_it.o
    0x08002874   0x08002874   0x00000004   Code   RO           12    i.SysTick_Handler   stm32l4xx_it.o
    0x08002878   0x08002878   0x000000cc   Code   RO           53    i.SystemClock_Config  stm32l4xx_hal_msp.o
    0x08002944   0x08002944   0x00000044   Code   RO          476    i.SystemInit        system_stm32l4xx.o
    0x08002988   0x08002988   0x000000c8   Code   RO          994    i.UART_AdvFeatureConfig  stm32l4xx_hal_uart.o
    0x08002a50   0x08002a50   0x00000058   Code   RO          995    i.UART_CheckIdleState  stm32l4xx_hal_uart.o
    0x08002aa8   0x08002aa8   0x000002a0   Code   RO         1010    i.UART_SetConfig    stm32l4xx_hal_uart.o
    0x08002d48   0x08002d48   0x00000060   Code   RO         1013    i.UART_WaitOnFlagUntilTimeout  stm32l4xx_hal_uart.o
    0x08002da8   0x08002da8   0x00000002   Code   RO           13    i.UsageFault_Handler  stm32l4xx_it.o
    0x08002daa   0x08002daa   0x00000002   Code   RO           17    i._Error_Handler    main.o
    0x08002dac   0x08002dac   0x00000034   Code   RO         1359    i.__0vsnprintf      mc_w.l(printfa.o)
    0x08002de0   0x08002de0   0x00000022   Code   RO          542    i.__NVIC_DisableIRQ  st25r3916_irq.o
    0x08002e02   0x08002e02   0x0000001a   Code   RO          543    i.__NVIC_EnableIRQ  st25r3916_irq.o
    0x08002e1c   0x08002e1c   0x00000020   Code   RO          634    i.__NVIC_SetPriority  stm32l4xx_hal_cortex.o
    0x08002e3c   0x08002e3c   0x0000000e   Code   RO         1409    i.__scatterload_copy  mc_w.l(handlers.o)
    0x08002e4a   0x08002e4a   0x00000002   Code   RO         1410    i.__scatterload_null  mc_w.l(handlers.o)
    0x08002e4c   0x08002e4c   0x0000000e   Code   RO         1411    i.__scatterload_zeroinit  mc_w.l(handlers.o)
    0x08002e5a   0x08002e5a   0x00000002   PAD
    0x08002e5c   0x08002e5c   0x0000018a   Code   RO         1361    i._fp_digits        mc_w.l(printfa.o)
    0x08002fe6   0x08002fe6   0x00000002   PAD
    0x08002fe8   0x08002fe8   0x000006ba   Code   RO         1362    i._printf_core      mc_w.l(printfa.o)
    0x080036a2   0x080036a2   0x00000024   Code   RO         1363    i._printf_post_padding  mc_w.l(printfa.o)
    0x080036c6   0x080036c6   0x0000002e   Code   RO         1364    i._printf_pre_padding  mc_w.l(printfa.o)
    0x080036f4   0x080036f4   0x00000016   Code   RO         1365    i._snputc           mc_w.l(printfa.o)
    0x0800370a   0x0800370a   0x00000002   PAD
    0x0800370c   0x0800370c   0x00000064   Code   RO           85    i.checkUserButton   ndef_demo.o
    0x08003770   0x08003770   0x0000058c   Code   RO           86    i.demoCycle         ndef_demo.o
    0x08003cfc   0x08003cfc   0x000000e8   Code   RO           87    i.demoIni           ndef_demo.o
    0x08003de4   0x08003de4   0x000004ac   Code   RO           88    i.demoNdef          ndef_demo.o
    0x08004290   0x08004290   0x000001dc   Code   RO           89    i.demoP2P           ndef_demo.o
    0x0800446c   0x0800446c   0x0000001e   Code   RO           90    i.demoTransceiveBlocking  ndef_demo.o
    0x0800448a   0x0800448a   0x00000002   PAD
    0x0800448c   0x0800448c   0x00000094   Code   RO           38    i.hex2Str           logger.o
    0x08004520   0x08004520   0x00000028   Code   RO          148    i.iso15693PhyConfigure  rfal_iso15693_2.o
    0x08004548   0x08004548   0x00000062   Code   RO          150    i.iso15693PhyVCDCode1Of256  rfal_iso15693_2.o
    0x080045aa   0x080045aa   0x00000058   Code   RO          151    i.iso15693PhyVCDCode1Of4  rfal_iso15693_2.o
    0x08004602   0x08004602   0x00000002   PAD
    0x08004604   0x08004604   0x000001a6   Code   RO          152    i.iso15693VCDCode   rfal_iso15693_2.o
    0x080047aa   0x080047aa   0x0000014e   Code   RO          153    i.iso15693VICCDecode  rfal_iso15693_2.o
    0x080048f8   0x080048f8   0x00000014   Code   RO          158    i.isoDepClearCounters  rfal_isodep.o
    0x0800490c   0x0800490c   0x00000278   Code   RO          159    i.isoDepDataExchangePCD  rfal_isodep.o
    0x08004b84   0x08004b84   0x0000033e   Code   RO          160    i.isoDepDataExchangePICC  rfal_isodep.o
    0x08004ec2   0x08004ec2   0x00000002   PAD
    0x08004ec4   0x08004ec4   0x000000de   Code   RO          161    i.isoDepHandleControlMsg  rfal_isodep.o
    0x08004fa2   0x08004fa2   0x00000002   PAD
    0x08004fa4   0x08004fa4   0x00000044   Code   RO          162    i.isoDepReSendControlMsg  rfal_isodep.o
    0x08004fe8   0x08004fe8   0x000000b0   Code   RO          163    i.isoDepTx          rfal_isodep.o
    0x08005098   0x08005098   0x00000054   Code   RO           91    i.ledsOff           ndef_demo.o
    0x080050ec   0x080050ec   0x00000050   Code   RO           92    i.ledsOn            ndef_demo.o
    0x0800513c   0x0800513c   0x0000002e   Code   RO           41    i.logUsart          logger.o
    0x0800516a   0x0800516a   0x00000002   PAD
    0x0800516c   0x0800516c   0x00000038   Code   RO           42    i.logUsartInit      logger.o
    0x080051a4   0x080051a4   0x00000024   Code   RO           43    i.logUsartTx        logger.o
    0x080051c8   0x080051c8   0x00000124   Code   RO           18    i.main              main.o
    0x080052ec   0x080052ec   0x00000018   Code   RO          105    i.ndefBuffer8Print  ndef_dump.o
    0x08005304   0x08005304   0x000000b4   Code   RO          106    i.ndefBufferDump    ndef_dump.o
    0x080053b8   0x080053b8   0x000000cc   Code   RO          107    i.ndefBufferDumpLine  ndef_dump.o
    0x08005484   0x08005484   0x00000048   Code   RO          108    i.ndefBufferPrint   ndef_dump.o
    0x080054cc   0x080054cc   0x0000012c   Code   RO           93    i.ndefCCDump        ndef_demo.o
    0x080055f8   0x080055f8   0x00000698   Code   RO           94    i.ndefDumpSysInfo   ndef_demo.o
    0x08005c90   0x08005c90   0x00000020   Code   RO         1146    i.ndefEmptyType     ndef_types_rtd.o
    0x08005cb0   0x08005cb0   0x00000028   Code   RO          109    i.ndefEmptyTypeDump  ndef_dump.o
    0x08005cd8   0x08005cd8   0x0000000c   Code   RO         1147    i.ndefEmptyTypePayloadGetLength  ndef_types_rtd.o
    0x08005ce4   0x08005ce4   0x00000012   Code   RO         1148    i.ndefEmptyTypePayloadItem  ndef_types_rtd.o
    0x08005cf6   0x08005cf6   0x00000024   Code   RO         1149    i.ndefEmptyTypeToRecord  ndef_types_rtd.o
    0x08005d1a   0x08005d1a   0x0000001a   Code   RO         1150    i.ndefGetRtdAar     ndef_types_rtd.o
    0x08005d34   0x08005d34   0x00000036   Code   RO         1151    i.ndefGetRtdDeviceInfo  ndef_types_rtd.o
    0x08005d6a   0x08005d6a   0x0000002e   Code   RO         1152    i.ndefGetRtdText    ndef_types_rtd.o
    0x08005d98   0x08005d98   0x00000038   Code   RO         1153    i.ndefGetRtdUri     ndef_types_rtd.o
    0x08005dd0   0x08005dd0   0x00000072   Code   RO         1122    i.ndefGetVCard      ndef_types_mime.o
    0x08005e42   0x08005e42   0x0000002a   Code   RO         1325    i.ndefGetWifi       ndef_type_wifi.o
    0x08005e6c   0x08005e6c   0x00000028   Code   RO         1123    i.ndefIsVCardTypeFound  ndef_types_mime.o
    0x08005e94   0x08005e94   0x00000130   Code   RO          111    i.ndefMediaVCardDump  ndef_dump.o
    0x08005fc4   0x08005fc4   0x00000060   Code   RO          112    i.ndefMediaVCardTranslate  ndef_dump.o
    0x08006024   0x08006024   0x000000ac   Code   RO          113    i.ndefMediaWifiDump  ndef_dump.o
    0x080060d0   0x080060d0   0x00000054   Code   RO         1079    i.ndefMessageAppend  ndef_message.o
    0x08006124   0x08006124   0x00000084   Code   RO         1080    i.ndefMessageDecode  ndef_message.o
    0x080061a8   0x080061a8   0x00000064   Code   RO          114    i.ndefMessageDump   ndef_dump.o
    0x0800620c   0x0800620c   0x00000066   Code   RO         1081    i.ndefMessageEncode  ndef_message.o
    0x08006272   0x08006272   0x00000030   Code   RO         1082    i.ndefMessageGetInfo  ndef_message.o
    0x080062a2   0x080062a2   0x00000002   PAD
    0x080062a4   0x080062a4   0x0000001c   Code   RO         1084    i.ndefMessageInit   ndef_message.o
    0x080062c0   0x080062c0   0x000000c4   Code   RO         1154    i.ndefPayloadToRtdDeviceInfo  ndef_types_rtd.o
    0x08006384   0x08006384   0x000000d4   Code   RO         1126    i.ndefPayloadToVcard  ndef_types_mime.o
    0x08006458   0x08006458   0x000000a2   Code   RO         1326    i.ndefPayloadToWifi  ndef_type_wifi.o
    0x080064fa   0x080064fa   0x00000014   Code   RO         1220    i.ndefPollerBeginWriteMessage  ndef_poller.o
    0x0800650e   0x0800650e   0x00000014   Code   RO         1221    i.ndefPollerCheckAvailableSpace  ndef_poller.o
    0x08006522   0x08006522   0x00000002   PAD
    0x08006524   0x08006524   0x00000050   Code   RO         1223    i.ndefPollerContextInitialization  ndef_poller.o
    0x08006574   0x08006574   0x00000014   Code   RO         1224    i.ndefPollerEndWriteMessage  ndef_poller.o
    0x08006588   0x08006588   0x00000014   Code   RO         1225    i.ndefPollerNdefDetect  ndef_poller.o
    0x0800659c   0x0800659c   0x0000001c   Code   RO         1227    i.ndefPollerReadRawMessage  ndef_poller.o
    0x080065b8   0x080065b8   0x00000014   Code   RO         1228    i.ndefPollerTagFormat  ndef_poller.o
    0x080065cc   0x080065cc   0x0000001c   Code   RO         1229    i.ndefPollerWriteBytes  ndef_poller.o
    0x080065e8   0x080065e8   0x000000f0   Code   RO         1230    i.ndefPollerWriteMessage  ndef_poller.o
    0x080066d8   0x080066d8   0x00000014   Code   RO         1231    i.ndefPollerWriteRawMessage  ndef_poller.o
    0x080066ec   0x080066ec   0x000000ce   Code   RO         1090    i.ndefRecordDecode  ndef_record.o
    0x080067ba   0x080067ba   0x00000002   PAD
    0x080067bc   0x080067bc   0x000001b8   Code   RO          115    i.ndefRecordDump    ndef_dump.o
    0x08006974   0x08006974   0x00000040   Code   RO          116    i.ndefRecordDumpType  ndef_dump.o
    0x080069b4   0x080069b4   0x000000b4   Code   RO         1091    i.ndefRecordEncode  ndef_record.o
    0x08006a68   0x08006a68   0x00000068   Code   RO         1092    i.ndefRecordEncodeHeader  ndef_record.o
    0x08006ad0   0x08006ad0   0x00000020   Code   RO         1093    i.ndefRecordGetHeaderLength  ndef_record.o
    0x08006af0   0x08006af0   0x00000014   Code   RO         1094    i.ndefRecordGetId   ndef_record.o
    0x08006b04   0x08006b04   0x0000001a   Code   RO         1095    i.ndefRecordGetLength  ndef_record.o
    0x08006b1e   0x08006b1e   0x0000001c   Code   RO         1109    i.ndefRecordGetNdefType  ndef_types.o
    0x08006b3a   0x08006b3a   0x0000001a   Code   RO         1096    i.ndefRecordGetPayload  ndef_record.o
    0x08006b54   0x08006b54   0x0000002c   Code   RO         1097    i.ndefRecordGetPayloadItem  ndef_record.o
    0x08006b80   0x08006b80   0x00000014   Code   RO         1098    i.ndefRecordGetPayloadLength  ndef_record.o
    0x08006b94   0x08006b94   0x0000001e   Code   RO         1099    i.ndefRecordGetType  ndef_record.o
    0x08006bb2   0x08006bb2   0x0000003a   Code   RO         1101    i.ndefRecordReset   ndef_record.o
    0x08006bec   0x08006bec   0x0000002c   Code   RO         1102    i.ndefRecordSetId   ndef_record.o
    0x08006c18   0x08006c18   0x0000003e   Code   RO         1110    i.ndefRecordSetNdefType  ndef_types.o
    0x08006c56   0x08006c56   0x00000036   Code   RO         1103    i.ndefRecordSetPayload  ndef_record.o
    0x08006c8c   0x08006c8c   0x00000026   Code   RO         1104    i.ndefRecordSetType  ndef_record.o
    0x08006cb2   0x08006cb2   0x0000003a   Code   RO         1155    i.ndefRecordToEmptyType  ndef_types_rtd.o
    0x08006cec   0x08006cec   0x00000030   Code   RO         1156    i.ndefRecordToRtdAar  ndef_types_rtd.o
    0x08006d1c   0x08006d1c   0x0000004c   Code   RO         1157    i.ndefRecordToRtdDeviceInfo  ndef_types_rtd.o
    0x08006d68   0x08006d68   0x00000080   Code   RO         1158    i.ndefRecordToRtdText  ndef_types_rtd.o
    0x08006de8   0x08006de8   0x0000005c   Code   RO         1159    i.ndefRecordToRtdUri  ndef_types_rtd.o
    0x08006e44   0x08006e44   0x00000064   Code   RO         1111    i.ndefRecordToType  ndef_types.o
    0x08006ea8   0x08006ea8   0x00000048   Code   RO         1128    i.ndefRecordToVCard  ndef_types_mime.o
    0x08006ef0   0x08006ef0   0x00000048   Code   RO         1327    i.ndefRecordToWifi  ndef_type_wifi.o
    0x08006f38   0x08006f38   0x0000002c   Code   RO         1105    i.ndefRecordTypeMatch  ndef_record.o
    0x08006f64   0x08006f64   0x00000040   Code   RO         1112    i.ndefRecordTypeStringToTypeId  ndef_types.o
    0x08006fa4   0x08006fa4   0x00000034   Code   RO         1160    i.ndefRtdAar        ndef_types_rtd.o
    0x08006fd8   0x08006fd8   0x00000038   Code   RO          117    i.ndefRtdAarDump    ndef_dump.o
    0x08007010   0x08007010   0x00000038   Code   RO         1161    i.ndefRtdAarToRecord  ndef_types_rtd.o
    0x08007048   0x08007048   0x000000b8   Code   RO          118    i.ndefRtdDeviceInfoDump  ndef_dump.o
    0x08007100   0x08007100   0x0000002a   Code   RO         1163    i.ndefRtdDeviceInfoPayloadGetLength  ndef_types_rtd.o
    0x0800712a   0x0800712a   0x00000002   PAD
    0x0800712c   0x0800712c   0x00000064   Code   RO         1164    i.ndefRtdDeviceInfoToPayloadItem  ndef_types_rtd.o
    0x08007190   0x08007190   0x00000034   Code   RO         1165    i.ndefRtdDeviceInfoToRecord  ndef_types_rtd.o
    0x080071c4   0x080071c4   0x00000060   Code   RO         1166    i.ndefRtdText       ndef_types_rtd.o
    0x08007224   0x08007224   0x0000008c   Code   RO          119    i.ndefRtdTextDump   ndef_dump.o
    0x080072b0   0x080072b0   0x00000016   Code   RO         1167    i.ndefRtdTextPayloadGetLength  ndef_types_rtd.o
    0x080072c6   0x080072c6   0x00000002   PAD
    0x080072c8   0x080072c8   0x00000050   Code   RO         1168    i.ndefRtdTextToPayloadItem  ndef_types_rtd.o
    0x08007318   0x08007318   0x00000034   Code   RO         1169    i.ndefRtdTextToRecord  ndef_types_rtd.o
    0x0800734c   0x0800734c   0x0000005c   Code   RO         1170    i.ndefRtdUri        ndef_types_rtd.o
    0x080073a8   0x080073a8   0x00000044   Code   RO          120    i.ndefRtdUriDump    ndef_dump.o
    0x080073ec   0x080073ec   0x00000012   Code   RO         1171    i.ndefRtdUriPayloadGetLength  ndef_types_rtd.o
    0x080073fe   0x080073fe   0x00000002   PAD
    0x08007400   0x08007400   0x00000060   Code   RO         1172    i.ndefRtdUriProtocolAutodetect  ndef_types_rtd.o
    0x08007460   0x08007460   0x00000044   Code   RO         1173    i.ndefRtdUriToPayloadItem  ndef_types_rtd.o
    0x080074a4   0x080074a4   0x00000034   Code   RO         1174    i.ndefRtdUriToRecord  ndef_types_rtd.o
    0x080074d8   0x080074d8   0x00000056   Code   RO         1242    i.ndefT2TPollerBeginWriteMessage  ndef_t2t.o
    0x0800752e   0x0800752e   0x0000003e   Code   RO         1243    i.ndefT2TPollerCheckAvailableSpace  ndef_t2t.o
    0x0800756c   0x0800756c   0x00000032   Code   RO         1244    i.ndefT2TPollerCheckPresence  ndef_t2t.o
    0x0800759e   0x0800759e   0x0000002e   Code   RO         1245    i.ndefT2TPollerContextInitialization  ndef_t2t.o
    0x080075cc   0x080075cc   0x00000044   Code   RO         1246    i.ndefT2TPollerEndWriteMessage  ndef_t2t.o
    0x08007610   0x08007610   0x00000166   Code   RO         1247    i.ndefT2TPollerNdefDetect  ndef_t2t.o
    0x08007776   0x08007776   0x0000004c   Code   RO         1248    i.ndefT2TPollerReadBlock  ndef_t2t.o
    0x080077c2   0x080077c2   0x00000002   PAD
    0x080077c4   0x080077c4   0x000000ea   Code   RO         1249    i.ndefT2TPollerReadBytes  ndef_t2t.o
    0x080078ae   0x080078ae   0x0000004a   Code   RO         1250    i.ndefT2TPollerReadRawMessage  ndef_t2t.o
    0x080078f8   0x080078f8   0x000000a8   Code   RO         1251    i.ndefT2TPollerTagFormat  ndef_t2t.o
    0x080079a0   0x080079a0   0x00000040   Code   RO         1252    i.ndefT2TPollerWriteBlock  ndef_t2t.o
    0x080079e0   0x080079e0   0x0000008e   Code   RO         1253    i.ndefT2TPollerWriteBytes  ndef_t2t.o
    0x08007a6e   0x08007a6e   0x0000006a   Code   RO         1254    i.ndefT2TPollerWriteRawMessage  ndef_t2t.o
    0x08007ad8   0x08007ad8   0x00000088   Code   RO         1255    i.ndefT2TPollerWriteRawMessageLen  ndef_t2t.o
    0x08007b60   0x08007b60   0x00000040   Code   RO         1260    i.ndefT3TPollerBeginWriteMessage  ndef_t3t.o
    0x08007ba0   0x08007ba0   0x00000026   Code   RO         1261    i.ndefT3TPollerCheckAvailableSpace  ndef_t3t.o
    0x08007bc6   0x08007bc6   0x00000024   Code   RO         1262    i.ndefT3TPollerCheckPresence  ndef_t3t.o
    0x08007bea   0x08007bea   0x00000022   Code   RO         1263    i.ndefT3TPollerContextInitialization  ndef_t3t.o
    0x08007c0c   0x08007c0c   0x0000004c   Code   RO         1264    i.ndefT3TPollerEndWriteMessage  ndef_t3t.o
    0x08007c58   0x08007c58   0x000000c6   Code   RO         1265    i.ndefT3TPollerNdefDetect  ndef_t3t.o
    0x08007d1e   0x08007d1e   0x0000009a   Code   RO         1266    i.ndefT3TPollerReadAttributeInformationBlock  ndef_t3t.o
    0x08007db8   0x08007db8   0x000000a2   Code   RO         1267    i.ndefT3TPollerReadBlocks  ndef_t3t.o
    0x08007e5a   0x08007e5a   0x00000002   PAD
    0x08007e5c   0x08007e5c   0x00000152   Code   RO         1268    i.ndefT3TPollerReadBytes  ndef_t3t.o
    0x08007fae   0x08007fae   0x00000050   Code   RO         1269    i.ndefT3TPollerReadRawMessage  ndef_t3t.o
    0x08007ffe   0x08007ffe   0x00000084   Code   RO         1270    i.ndefT3TPollerTagFormat  ndef_t3t.o
    0x08008082   0x08008082   0x00000098   Code   RO         1271    i.ndefT3TPollerWriteAttributeInformationBlock  ndef_t3t.o
    0x0800811a   0x0800811a   0x00000066   Code   RO         1272    i.ndefT3TPollerWriteBlocks  ndef_t3t.o
    0x08008180   0x08008180   0x00000140   Code   RO         1273    i.ndefT3TPollerWriteBytes  ndef_t3t.o
    0x080082c0   0x080082c0   0x00000066   Code   RO         1274    i.ndefT3TPollerWriteRawMessage  ndef_t3t.o
    0x08008326   0x08008326   0x00000020   Code   RO         1275    i.ndefT3TPollerWriteRawMessageLen  ndef_t3t.o
    0x08008346   0x08008346   0x00000002   PAD
    0x08008348   0x08008348   0x00000074   Code   RO           95    i.ndefT4TCCDump     ndef_demo.o
    0x080083bc   0x080083bc   0x0000002e   Code   RO         1279    i.ndefT4TInitializeIsoDepTxRxParam  ndef_t4t.o
    0x080083ea   0x080083ea   0x00000044   Code   RO         1280    i.ndefT4TPollerBeginWriteMessage  ndef_t4t.o
    0x0800842e   0x0800842e   0x00000042   Code   RO         1281    i.ndefT4TPollerCheckAvailableSpace  ndef_t4t.o
    0x08008470   0x08008470   0x00000062   Code   RO         1282    i.ndefT4TPollerCheckPresence  ndef_t4t.o
    0x080084d2   0x080084d2   0x00000038   Code   RO         1283    i.ndefT4TPollerContextInitialization  ndef_t4t.o
    0x0800850a   0x0800850a   0x00000002   PAD
    0x0800850c   0x0800850c   0x0000004c   Code   RO         1284    i.ndefT4TPollerEndWriteMessage  ndef_t4t.o
    0x08008558   0x08008558   0x00000110   Code   RO         1285    i.ndefT4TPollerNdefDetect  ndef_t4t.o
    0x08008668   0x08008668   0x0000004e   Code   RO         1286    i.ndefT4TPollerReadBinary  ndef_t4t.o
    0x080086b6   0x080086b6   0x00000002   PAD
    0x080086b8   0x080086b8   0x00000054   Code   RO         1287    i.ndefT4TPollerReadBinaryODO  ndef_t4t.o
    0x0800870c   0x0800870c   0x00000088   Code   RO         1288    i.ndefT4TPollerReadBytes  ndef_t4t.o
    0x08008794   0x08008794   0x00000052   Code   RO         1289    i.ndefT4TPollerReadRawMessage  ndef_t4t.o
    0x080087e6   0x080087e6   0x00000052   Code   RO         1290    i.ndefT4TPollerSelectFile  ndef_t4t.o
    0x08008838   0x08008838   0x00000070   Code   RO         1291    i.ndefT4TPollerSelectNdefTagApplication  ndef_t4t.o
    0x080088a8   0x080088a8   0x0000005a   Code   RO         1292    i.ndefT4TPollerTagFormat  ndef_t4t.o
    0x08008902   0x08008902   0x00000054   Code   RO         1293    i.ndefT4TPollerWriteBinary  ndef_t4t.o
    0x08008956   0x08008956   0x00000002   PAD
    0x08008958   0x08008958   0x00000058   Code   RO         1294    i.ndefT4TPollerWriteBinaryODO  ndef_t4t.o
    0x080089b0   0x080089b0   0x00000070   Code   RO         1295    i.ndefT4TPollerWriteBytes  ndef_t4t.o
    0x08008a20   0x08008a20   0x00000072   Code   RO         1296    i.ndefT4TPollerWriteRawMessage  ndef_t4t.o
    0x08008a92   0x08008a92   0x00000064   Code   RO         1297    i.ndefT4TPollerWriteRawMessageLen  ndef_t4t.o
    0x08008af6   0x08008af6   0x00000002   PAD
    0x08008af8   0x08008af8   0x00000120   Code   RO         1298    i.ndefT4TReadAndParseCCFile  ndef_t4t.o
    0x08008c18   0x08008c18   0x00000054   Code   RO         1299    i.ndefT4TTransceiveTxRx  ndef_t4t.o
    0x08008c6c   0x08008c6c   0x00000104   Code   RO           96    i.ndefT5TCCDump     ndef_demo.o
    0x08008d70   0x08008d70   0x000000f4   Code   RO         1304    i.ndefT5TGetSystemInformation  ndef_t5t.o
    0x08008e64   0x08008e64   0x00000054   Code   RO         1305    i.ndefT5TPollerBeginWriteMessage  ndef_t5t.o
    0x08008eb8   0x08008eb8   0x00000040   Code   RO         1306    i.ndefT5TPollerCheckAvailableSpace  ndef_t5t.o
    0x08008ef8   0x08008ef8   0x00000020   Code   RO         1307    i.ndefT5TPollerCheckPresence  ndef_t5t.o
    0x08008f18   0x08008f18   0x000000d6   Code   RO         1308    i.ndefT5TPollerContextInitialization  ndef_t5t.o
    0x08008fee   0x08008fee   0x00000002   PAD
    0x08008ff0   0x08008ff0   0x00000044   Code   RO         1309    i.ndefT5TPollerEndWriteMessage  ndef_t5t.o
    0x08009034   0x08009034   0x0000021e   Code   RO         1310    i.ndefT5TPollerNdefDetect  ndef_t5t.o
    0x08009252   0x08009252   0x00000156   Code   RO         1311    i.ndefT5TPollerReadBytes  ndef_t5t.o
    0x080093a8   0x080093a8   0x0000005e   Code   RO         1312    i.ndefT5TPollerReadMultipleBlocks  ndef_t5t.o
    0x08009406   0x08009406   0x0000002e   Code   RO         1313    i.ndefT5TPollerReadRawMessage  ndef_t5t.o
    0x08009434   0x08009434   0x00000058   Code   RO         1314    i.ndefT5TPollerReadSingleBlock  ndef_t5t.o
    0x0800948c   0x0800948c   0x0000013c   Code   RO         1315    i.ndefT5TPollerTagFormat  ndef_t5t.o
    0x080095c8   0x080095c8   0x00000120   Code   RO         1316    i.ndefT5TPollerWriteBytes  ndef_t5t.o
    0x080096e8   0x080096e8   0x00000066   Code   RO         1317    i.ndefT5TPollerWriteRawMessage  ndef_t5t.o
    0x0800974e   0x0800974e   0x0000007c   Code   RO         1318    i.ndefT5TPollerWriteRawMessageLen  ndef_t5t.o
    0x080097ca   0x080097ca   0x00000066   Code   RO         1319    i.ndefT5TPollerWriteSingleBlock  ndef_t5t.o
    0x08009830   0x08009830   0x000000b6   Code   RO         1320    i.ndefT5TWriteCC    ndef_t5t.o
    0x080098e6   0x080098e6   0x00000002   PAD
    0x080098e8   0x080098e8   0x00000054   Code   RO         1113    i.ndefTypeStringToTypeId  ndef_types.o
    0x0800993c   0x0800993c   0x00000046   Code   RO         1130    i.ndefVCardFindMarker  ndef_types_mime.o
    0x08009982   0x08009982   0x00000002   PAD
    0x08009984   0x08009984   0x00000074   Code   RO         1131    i.ndefVCardParseLine  ndef_types_mime.o
    0x080099f8   0x080099f8   0x0000003e   Code   RO         1132    i.ndefVCardPayloadGetLength  ndef_types_mime.o
    0x08009a36   0x08009a36   0x00000002   PAD
    0x08009a38   0x08009a38   0x00000152   Code   RO         1133    i.ndefVCardToPayloadItem  ndef_types_mime.o
    0x08009b8a   0x08009b8a   0x00000002   PAD
    0x08009b8c   0x08009b8c   0x00000034   Code   RO         1134    i.ndefVCardToRecord  ndef_types_mime.o
    0x08009bc0   0x08009bc0   0x00000038   Code   RO         1328    i.ndefWifi          ndef_type_wifi.o
    0x08009bf8   0x08009bf8   0x00000016   Code   RO         1329    i.ndefWifiPayloadGetLength  ndef_type_wifi.o
    0x08009c0e   0x08009c0e   0x00000002   PAD
    0x08009c10   0x08009c10   0x000000b8   Code   RO         1330    i.ndefWifiToPayloadItem  ndef_type_wifi.o
    0x08009cc8   0x08009cc8   0x00000034   Code   RO         1331    i.ndefWifiToRecord  ndef_type_wifi.o
    0x08009cfc   0x08009cfc   0x0000001c   Code   RO          255    i.nfcipClearCounters  rfal_nfcdep.o
    0x08009d18   0x08009d18   0x00000054   Code   RO          256    i.nfcipConfig       rfal_nfcdep.o
    0x08009d6c   0x08009d6c   0x00000064   Code   RO          257    i.nfcipDEPControlMsg  rfal_nfcdep.o
    0x08009dd0   0x08009dd0   0x00000044   Code   RO          258    i.nfcipDataRx       rfal_nfcdep.o
    0x08009e14   0x08009e14   0x0000026e   Code   RO          259    i.nfcipInitiatorHandleDEP  rfal_nfcdep.o
    0x0800a082   0x0800a082   0x00000002   PAD
    0x0800a084   0x0800a084   0x0000014a   Code   RO          260    i.nfcipRun          rfal_nfcdep.o
    0x0800a1ce   0x0800a1ce   0x00000002   PAD
    0x0800a1d0   0x0800a1d0   0x00000078   Code   RO          261    i.nfcipSetDEPParams  rfal_nfcdep.o
    0x0800a248   0x0800a248   0x000000fc   Code   RO          262    i.nfcipTargetHandleActivation  rfal_nfcdep.o
    0x0800a344   0x0800a344   0x00000362   Code   RO          263    i.nfcipTargetHandleRX  rfal_nfcdep.o
    0x0800a6a6   0x0800a6a6   0x00000002   PAD
    0x0800a6a8   0x0800a6a8   0x00000186   Code   RO          264    i.nfcipTx           rfal_nfcdep.o
    0x0800a82e   0x0800a82e   0x00000002   PAD
    0x0800a830   0x0800a830   0x00000050   Code   RO          265    i.nfcipTxRx         rfal_nfcdep.o
    0x0800a880   0x0800a880   0x00000020   Code   RO          132    i.rfalAnalogConfigInitialize  rfal_analogconfig.o
    0x0800a8a0   0x0800a8a0   0x00000064   Code   RO          138    i.rfalAnalogConfigSearch  rfal_analogconfig.o
    0x0800a904   0x0800a904   0x00000028   Code   RO          396    i.rfalCalibrate     rfal_rfst25r3916.o
    0x0800a92c   0x0800a92c   0x00000022   Code   RO          397    i.rfalChipChangeRegBits  rfal_rfst25r3916.o
    0x0800a94e   0x0800a94e   0x0000000c   Code   RO          398    i.rfalChipChangeTestRegBits  rfal_rfst25r3916.o
    0x0800a95a   0x0800a95a   0x00000002   PAD
    0x0800a95c   0x0800a95c   0x0000002c   Code   RO          410    i.rfalCleanupTransceive  rfal_rfst25r3916.o
    0x0800a988   0x0800a988   0x00000028   Code   RO          144    i.rfalCrcCalculateCcitt  rfal_crc.o
    0x0800a9b0   0x0800a9b0   0x00000044   Code   RO          413    i.rfalErrorHandling  rfal_rfst25r3916.o
    0x0800a9f4   0x0800a9f4   0x00000018   Code   RO          414    i.rfalFIFOGetNumIncompleteBits  rfal_rfst25r3916.o
    0x0800aa0c   0x0800aa0c   0x00000020   Code   RO          415    i.rfalFIFOStatusGetNumBytes  rfal_rfst25r3916.o
    0x0800aa2c   0x0800aa2c   0x0000001c   Code   RO          416    i.rfalFIFOStatusIsIncompleteByte  rfal_rfst25r3916.o
    0x0800aa48   0x0800aa48   0x0000001c   Code   RO          417    i.rfalFIFOStatusUpdate  rfal_rfst25r3916.o
    0x0800aa64   0x0800aa64   0x0000011e   Code   RO          418    i.rfalFeliCaPoll    rfal_rfst25r3916.o
    0x0800ab82   0x0800ab82   0x00000002   PAD
    0x0800ab84   0x0800ab84   0x00000024   Code   RO          419    i.rfalFieldOff      rfal_rfst25r3916.o
    0x0800aba8   0x0800aba8   0x0000008c   Code   RO          420    i.rfalFieldOnAndStartGT  rfal_rfst25r3916.o
    0x0800ac34   0x0800ac34   0x00000024   Code   RO          421    i.rfalGetBitRate    rfal_rfst25r3916.o
    0x0800ac58   0x0800ac58   0x0000000c   Code   RO          424    i.rfalGetFDTPoll    rfal_rfst25r3916.o
    0x0800ac64   0x0800ac64   0x00000014   Code   RO          430    i.rfalGetTransceiveStatus  rfal_rfst25r3916.o
    0x0800ac78   0x0800ac78   0x00000158   Code   RO          431    i.rfalISO14443ATransceiveAnticollisionFrame  rfal_rfst25r3916.o
    0x0800add0   0x0800add0   0x0000016c   Code   RO          432    i.rfalISO14443ATransceiveShortFrame  rfal_rfst25r3916.o
    0x0800af3c   0x0800af3c   0x000000e0   Code   RO          433    i.rfalISO15693TransceiveAnticollisionFrame  rfal_rfst25r3916.o
    0x0800b01c   0x0800b01c   0x00000034   Code   RO          434    i.rfalISO15693TransceiveEOF  rfal_rfst25r3916.o
    0x0800b050   0x0800b050   0x00000012   Code   RO          435    i.rfalISO15693TransceiveEOFAnticollision  rfal_rfst25r3916.o
    0x0800b062   0x0800b062   0x00000002   PAD
    0x0800b064   0x0800b064   0x00000074   Code   RO          436    i.rfalInitialize    rfal_rfst25r3916.o
    0x0800b0d8   0x0800b0d8   0x0000000a   Code   RO          437    i.rfalIsExtFieldOn  rfal_rfst25r3916.o
    0x0800b0e2   0x0800b0e2   0x00000002   PAD
    0x0800b0e4   0x0800b0e4   0x00000018   Code   RO          438    i.rfalIsGTExpired   rfal_rfst25r3916.o
    0x0800b0fc   0x0800b0fc   0x00000014   Code   RO          439    i.rfalIsTransceiveInRx  rfal_rfst25r3916.o
    0x0800b110   0x0800b110   0x00000018   Code   RO          440    i.rfalIsTransceiveInTx  rfal_rfst25r3916.o
    0x0800b128   0x0800b128   0x00000058   Code   RO          165    i.rfalIsoDepApdu2IBLockParam  rfal_isodep.o
    0x0800b180   0x0800b180   0x000000a2   Code   RO          166    i.rfalIsoDepCalcBitRate  rfal_isodep.o
    0x0800b222   0x0800b222   0x00000002   PAD
    0x0800b224   0x0800b224   0x00000054   Code   RO          167    i.rfalIsoDepDeselect  rfal_isodep.o
    0x0800b278   0x0800b278   0x0000006c   Code   RO          168    i.rfalIsoDepFSxI2FSx  rfal_isodep.o
    0x0800b2e4   0x0800b2e4   0x0000001a   Code   RO          169    i.rfalIsoDepFWI2FWT  rfal_isodep.o
    0x0800b2fe   0x0800b2fe   0x00000002   PAD
    0x0800b300   0x0800b300   0x00000044   Code   RO          170    i.rfalIsoDepGetATTRIBStatus  rfal_isodep.o
    0x0800b344   0x0800b344   0x000000d8   Code   RO          171    i.rfalIsoDepGetApduTransceiveStatus  rfal_isodep.o
    0x0800b41c   0x0800b41c   0x00000028   Code   RO          172    i.rfalIsoDepGetMaxInfLen  rfal_isodep.o
    0x0800b444   0x0800b444   0x0000002c   Code   RO          173    i.rfalIsoDepGetPPSSTatus  rfal_isodep.o
    0x0800b470   0x0800b470   0x00000044   Code   RO          174    i.rfalIsoDepGetRATSStatus  rfal_isodep.o
    0x0800b4b4   0x0800b4b4   0x00000018   Code   RO          175    i.rfalIsoDepGetTransceiveStatus  rfal_isodep.o
    0x0800b4cc   0x0800b4cc   0x00000078   Code   RO          176    i.rfalIsoDepInitialize  rfal_isodep.o
    0x0800b544   0x0800b544   0x00000014   Code   RO          179    i.rfalIsoDepIsRats  rfal_isodep.o
    0x0800b558   0x0800b558   0x0000015a   Code   RO          180    i.rfalIsoDepListenGetActivationStatus  rfal_isodep.o
    0x0800b6b2   0x0800b6b2   0x00000002   PAD
    0x0800b6b4   0x0800b6b4   0x0000014a   Code   RO          181    i.rfalIsoDepListenStartActivation  rfal_isodep.o
    0x0800b7fe   0x0800b7fe   0x00000002   PAD
    0x0800b800   0x0800b800   0x000001c0   Code   RO          183    i.rfalIsoDepPollAGetActivationStatus  rfal_isodep.o
    0x0800b9c0   0x0800b9c0   0x00000044   Code   RO          185    i.rfalIsoDepPollAStartActivation  rfal_isodep.o
    0x0800ba04   0x0800ba04   0x00000070   Code   RO          186    i.rfalIsoDepPollBGetActivationStatus  rfal_isodep.o
    0x0800ba74   0x0800ba74   0x000000ee   Code   RO          188    i.rfalIsoDepPollBStartActivation  rfal_isodep.o
    0x0800bb62   0x0800bb62   0x0000001e   Code   RO          191    i.rfalIsoDepSFGI2SFGT  rfal_isodep.o
    0x0800bb80   0x0800bb80   0x000000ce   Code   RO          192    i.rfalIsoDepStartATTRIB  rfal_isodep.o
    0x0800bc4e   0x0800bc4e   0x00000002   PAD
    0x0800bc50   0x0800bc50   0x00000070   Code   RO          193    i.rfalIsoDepStartApduTransceive  rfal_isodep.o
    0x0800bcc0   0x0800bcc0   0x0000006c   Code   RO          194    i.rfalIsoDepStartPPS  rfal_isodep.o
    0x0800bd2c   0x0800bd2c   0x00000058   Code   RO          195    i.rfalIsoDepStartRATS  rfal_isodep.o
    0x0800bd84   0x0800bd84   0x00000074   Code   RO          196    i.rfalIsoDepStartTransceive  rfal_isodep.o
    0x0800bdf8   0x0800bdf8   0x0000001c   Code   RO          441    i.rfalListenGetState  rfal_rfst25r3916.o
    0x0800be14   0x0800be14   0x00000210   Code   RO          442    i.rfalListenSetState  rfal_rfst25r3916.o
    0x0800c024   0x0800c024   0x000000a0   Code   RO          443    i.rfalListenSleepStart  rfal_rfst25r3916.o
    0x0800c0c4   0x0800c0c4   0x00000206   Code   RO          444    i.rfalListenStart   rfal_rfst25r3916.o
    0x0800c2ca   0x0800c2ca   0x00000002   PAD
    0x0800c2cc   0x0800c2cc   0x00000058   Code   RO          445    i.rfalListenStop    rfal_rfst25r3916.o
    0x0800c324   0x0800c324   0x00000094   Code   RO          201    i.rfalNfcDataExchangeGetStatus  rfal_nfc.o
    0x0800c3b8   0x0800c3b8   0x00000196   Code   RO          202    i.rfalNfcDataExchangeStart  rfal_nfc.o
    0x0800c54e   0x0800c54e   0x00000002   PAD
    0x0800c550   0x0800c550   0x0000002c   Code   RO          203    i.rfalNfcDeactivate  rfal_nfc.o
    0x0800c57c   0x0800c57c   0x00000044   Code   RO          204    i.rfalNfcDeactivation  rfal_nfc.o
    0x0800c5c0   0x0800c5c0   0x000000f8   Code   RO          266    i.rfalNfcDepATR     rfal_nfcdep.o
    0x0800c6b8   0x0800c6b8   0x00000012   Code   RO          267    i.rfalNfcDepCalculateRWT  rfal_nfcdep.o
    0x0800c6ca   0x0800c6ca   0x00000002   PAD
    0x0800c6cc   0x0800c6cc   0x00000078   Code   RO          268    i.rfalNfcDepDSL     rfal_nfcdep.o
    0x0800c744   0x0800c744   0x000000cc   Code   RO          269    i.rfalNfcDepGetPduTransceiveStatus  rfal_nfcdep.o
    0x0800c810   0x0800c810   0x00000010   Code   RO          270    i.rfalNfcDepGetTransceiveStatus  rfal_nfcdep.o
    0x0800c820   0x0800c820   0x00000060   Code   RO          271    i.rfalNfcDepInitialize  rfal_nfcdep.o
    0x0800c880   0x0800c880   0x000000f4   Code   RO          272    i.rfalNfcDepInitiatorHandleActivation  rfal_nfcdep.o
    0x0800c974   0x0800c974   0x00000028   Code   RO          273    i.rfalNfcDepIsAtrReq  rfal_nfcdep.o
    0x0800c99c   0x0800c99c   0x0000006c   Code   RO          274    i.rfalNfcDepListenGetActivationStatus  rfal_nfcdep.o
    0x0800ca08   0x0800ca08   0x00000156   Code   RO          275    i.rfalNfcDepListenStartActivation  rfal_nfcdep.o
    0x0800cb5e   0x0800cb5e   0x00000002   PAD
    0x0800cb60   0x0800cb60   0x00000074   Code   RO          276    i.rfalNfcDepPSL     rfal_nfcdep.o
    0x0800cbd4   0x0800cbd4   0x0000004c   Code   RO          277    i.rfalNfcDepPdu2BLockParam  rfal_nfcdep.o
    0x0800cc20   0x0800cc20   0x00000078   Code   RO          278    i.rfalNfcDepRLS     rfal_nfcdep.o
    0x0800cc98   0x0800cc98   0x0000004c   Code   RO          280    i.rfalNfcDepStartPduTransceive  rfal_nfcdep.o
    0x0800cce4   0x0800cce4   0x00000058   Code   RO          281    i.rfalNfcDepStartTransceive  rfal_nfcdep.o
    0x0800cd3c   0x0800cd3c   0x000000a4   Code   RO          205    i.rfalNfcDiscover   rfal_nfc.o
    0x0800cde0   0x0800cde0   0x0000002c   Code   RO          206    i.rfalNfcGetActiveDevice  rfal_nfc.o
    0x0800ce0c   0x0800ce0c   0x0000000c   Code   RO          208    i.rfalNfcGetState   rfal_nfc.o
    0x0800ce18   0x0800ce18   0x00000020   Code   RO          209    i.rfalNfcInitialize  rfal_nfc.o
    0x0800ce38   0x0800ce38   0x000001f0   Code   RO          210    i.rfalNfcListenActivation  rfal_nfc.o
    0x0800d028   0x0800d028   0x00000110   Code   RO          211    i.rfalNfcNfcDepActivate  rfal_nfc.o
    0x0800d138   0x0800d138   0x000001e6   Code   RO          212    i.rfalNfcPollActivation  rfal_nfc.o
    0x0800d31e   0x0800d31e   0x00000002   PAD
    0x0800d320   0x0800d320   0x000003b8   Code   RO          213    i.rfalNfcPollCollResolution  rfal_nfc.o
    0x0800d6d8   0x0800d6d8   0x00000200   Code   RO          214    i.rfalNfcPollTechDetetection  rfal_nfc.o
    0x0800d8d8   0x0800d8d8   0x000001c8   Code   RO          216    i.rfalNfcWorker     rfal_nfc.o
    0x0800daa0   0x0800daa0   0x00000018   Code   RO          222    i.rfalNfcaCalculateBcc  rfal_nfca.o
    0x0800dab8   0x0800dab8   0x00000016   Code   RO          223    i.rfalNfcaListenerIsSleepReq  rfal_nfca.o
    0x0800dace   0x0800dace   0x00000028   Code   RO          224    i.rfalNfcaPollerCheckPresence  rfal_nfca.o
    0x0800daf6   0x0800daf6   0x00000002   PAD
    0x0800daf8   0x0800daf8   0x00000100   Code   RO          226    i.rfalNfcaPollerGetFullCollisionResolutionStatus  rfal_nfca.o
    0x0800dbf8   0x0800dbf8   0x00000276   Code   RO          227    i.rfalNfcaPollerGetSingleCollisionResolutionStatus  rfal_nfca.o
    0x0800de6e   0x0800de6e   0x00000002   PAD
    0x0800de70   0x0800de70   0x00000034   Code   RO          228    i.rfalNfcaPollerInitialize  rfal_nfca.o
    0x0800dea4   0x0800dea4   0x000000a2   Code   RO          229    i.rfalNfcaPollerSelect  rfal_nfca.o
    0x0800df46   0x0800df46   0x0000002c   Code   RO          231    i.rfalNfcaPollerSleep  rfal_nfca.o
    0x0800df72   0x0800df72   0x00000002   PAD
    0x0800df74   0x0800df74   0x000000e6   Code   RO          233    i.rfalNfcaPollerStartFullCollisionResolution  rfal_nfca.o
    0x0800e05a   0x0800e05a   0x00000002   PAD
    0x0800e05c   0x0800e05c   0x00000048   Code   RO          234    i.rfalNfcaPollerStartSingleCollisionResolution  rfal_nfca.o
    0x0800e0a4   0x0800e0a4   0x00000024   Code   RO          235    i.rfalNfcaPollerTechnologyDetection  rfal_nfca.o
    0x0800e0c8   0x0800e0c8   0x0000001c   Code   RO          240    i.rfalNfcbCheckSensbRes  rfal_nfcb.o
    0x0800e0e4   0x0800e0e4   0x00000090   Code   RO          241    i.rfalNfcbPollerCheckPresence  rfal_nfcb.o
    0x0800e174   0x0800e174   0x00000014   Code   RO          242    i.rfalNfcbPollerCollisionResolution  rfal_nfcb.o
    0x0800e188   0x0800e188   0x00000040   Code   RO          243    i.rfalNfcbPollerInitialize  rfal_nfcb.o
    0x0800e1c8   0x0800e1c8   0x0000004c   Code   RO          245    i.rfalNfcbPollerSleep  rfal_nfcb.o
    0x0800e214   0x0800e214   0x0000005c   Code   RO          246    i.rfalNfcbPollerSlotMarker  rfal_nfcb.o
    0x0800e270   0x0800e270   0x000001da   Code   RO          247    i.rfalNfcbPollerSlottedCollisionResolution  rfal_nfcb.o
    0x0800e44a   0x0800e44a   0x0000000c   Code   RO          248    i.rfalNfcbPollerTechnologyDetection  rfal_nfcb.o
    0x0800e456   0x0800e456   0x00000002   PAD
    0x0800e458   0x0800e458   0x0000001c   Code   RO          249    i.rfalNfcbTR2ToFDT  rfal_nfcb.o
    0x0800e474   0x0800e474   0x00000102   Code   RO          287    i.rfalNfcfComputeValidSENF  rfal_nfcf.o
    0x0800e576   0x0800e576   0x00000002   PAD
    0x0800e578   0x0800e578   0x0000010c   Code   RO          289    i.rfalNfcfPollerCheck  rfal_nfcf.o
    0x0800e684   0x0800e684   0x00000028   Code   RO          290    i.rfalNfcfPollerCheckPresence  rfal_nfcf.o
    0x0800e6ac   0x0800e6ac   0x000000aa   Code   RO          291    i.rfalNfcfPollerCollisionResolution  rfal_nfcf.o
    0x0800e756   0x0800e756   0x00000002   PAD
    0x0800e758   0x0800e758   0x00000040   Code   RO          292    i.rfalNfcfPollerInitialize  rfal_nfcf.o
    0x0800e798   0x0800e798   0x00000016   Code   RO          293    i.rfalNfcfPollerPoll  rfal_nfcf.o
    0x0800e7ae   0x0800e7ae   0x00000002   PAD
    0x0800e7b0   0x0800e7b0   0x0000011c   Code   RO          294    i.rfalNfcfPollerUpdate  rfal_nfcf.o
    0x0800e8cc   0x0800e8cc   0x00000020   Code   RO          299    i.rfalNfcvParseError  rfal_nfcv.o
    0x0800e8ec   0x0800e8ec   0x00000024   Code   RO          300    i.rfalNfcvPollerCheckPresence  rfal_nfcv.o
    0x0800e910   0x0800e910   0x0000017a   Code   RO          301    i.rfalNfcvPollerCollisionResolution  rfal_nfcv.o
    0x0800ea8a   0x0800ea8a   0x00000022   Code   RO          302    i.rfalNfcvPollerExtendedGetSystemInformation  rfal_nfcv.o
    0x0800eaac   0x0800eaac   0x0000003c   Code   RO          304    i.rfalNfcvPollerExtendedReadMultipleBlocks  rfal_nfcv.o
    0x0800eae8   0x0800eae8   0x00000030   Code   RO          305    i.rfalNfcvPollerExtendedReadSingleBlock  rfal_nfcv.o
    0x0800eb18   0x0800eb18   0x0000004e   Code   RO          307    i.rfalNfcvPollerExtendedWriteSingleBlock  rfal_nfcv.o
    0x0800eb66   0x0800eb66   0x00000022   Code   RO          308    i.rfalNfcvPollerGetSystemInformation  rfal_nfcv.o
    0x0800eb88   0x0800eb88   0x00000034   Code   RO          309    i.rfalNfcvPollerInitialize  rfal_nfcv.o
    0x0800ebbc   0x0800ebbc   0x00000092   Code   RO          310    i.rfalNfcvPollerInventory  rfal_nfcv.o
    0x0800ec4e   0x0800ec4e   0x00000030   Code   RO          312    i.rfalNfcvPollerReadMultipleBlocks  rfal_nfcv.o
    0x0800ec7e   0x0800ec7e   0x0000002a   Code   RO          313    i.rfalNfcvPollerReadSingleBlock  rfal_nfcv.o
    0x0800eca8   0x0800eca8   0x0000002a   Code   RO          314    i.rfalNfcvPollerSelect  rfal_nfcv.o
    0x0800ecd2   0x0800ecd2   0x00000002   PAD
    0x0800ecd4   0x0800ecd4   0x00000142   Code   RO          317    i.rfalNfcvPollerTransceiveReq  rfal_nfcv.o
    0x0800ee16   0x0800ee16   0x0000004a   Code   RO          319    i.rfalNfcvPollerWriteSingleBlock  rfal_nfcv.o
    0x0800ee60   0x0800ee60   0x0000010c   Code   RO          446    i.rfalPrepareTransceive  rfal_rfst25r3916.o
    0x0800ef6c   0x0800ef6c   0x00000376   Code   RO          447    i.rfalRunListenModeWorker  rfal_rfst25r3916.o
    0x0800f2e2   0x0800f2e2   0x00000002   PAD
    0x0800f2e4   0x0800f2e4   0x0000011c   Code   RO          448    i.rfalRunWakeUpModeWorker  rfal_rfst25r3916.o
    0x0800f400   0x0800f400   0x0000003a   Code   RO          356    i.rfalST25xVPollerM24LRReadMultipleBlocks  rfal_st25xv.o
    0x0800f43a   0x0800f43a   0x00000034   Code   RO          357    i.rfalST25xVPollerM24LRReadSingleBlock  rfal_st25xv.o
    0x0800f46e   0x0800f46e   0x00000052   Code   RO          358    i.rfalST25xVPollerM24LRWriteSingleBlock  rfal_st25xv.o
    0x0800f4c0   0x0800f4c0   0x0000008c   Code   RO          139    i.rfalSetAnalogConfig  rfal_analogconfig.o
    0x0800f54c   0x0800f54c   0x00000230   Code   RO          449    i.rfalSetBitRate    rfal_rfst25r3916.o
    0x0800f77c   0x0800f77c   0x00000030   Code   RO          450    i.rfalSetErrorHandling  rfal_rfst25r3916.o
    0x0800f7ac   0x0800f7ac   0x00000014   Code   RO          451    i.rfalSetFDTListen  rfal_rfst25r3916.o
    0x0800f7c0   0x0800f7c0   0x00000018   Code   RO          452    i.rfalSetFDTPoll    rfal_rfst25r3916.o
    0x0800f7d8   0x0800f7d8   0x00000018   Code   RO          453    i.rfalSetGT         rfal_rfst25r3916.o
    0x0800f7f0   0x0800f7f0   0x000001ec   Code   RO          454    i.rfalSetMode       rfal_rfst25r3916.o
    0x0800f9dc   0x0800f9dc   0x00000028   Code   RO          323    i.rfalSt25tbPollerCheckPresence  rfal_st25tb.o
    0x0800fa04   0x0800fa04   0x00000074   Code   RO          324    i.rfalSt25tbPollerCollisionResolution  rfal_st25tb.o
    0x0800fa78   0x0800fa78   0x000000a4   Code   RO          326    i.rfalSt25tbPollerDoCollisionResolution  rfal_st25tb.o
    0x0800fb1c   0x0800fb1c   0x00000034   Code   RO          327    i.rfalSt25tbPollerGetUID  rfal_st25tb.o
    0x0800fb50   0x0800fb50   0x00000004   Code   RO          328    i.rfalSt25tbPollerInitialize  rfal_st25tb.o
    0x0800fb54   0x0800fb54   0x00000044   Code   RO          329    i.rfalSt25tbPollerInitiate  rfal_st25tb.o
    0x0800fb98   0x0800fb98   0x0000003a   Code   RO          330    i.rfalSt25tbPollerPcall  rfal_st25tb.o
    0x0800fbd2   0x0800fbd2   0x00000042   Code   RO          333    i.rfalSt25tbPollerSelect  rfal_st25tb.o
    0x0800fc14   0x0800fc14   0x00000042   Code   RO          334    i.rfalSt25tbPollerSlotMarker  rfal_st25tb.o
    0x0800fc56   0x0800fc56   0x00000002   PAD
    0x0800fc58   0x0800fc58   0x000001ac   Code   RO          459    i.rfalStartTransceive  rfal_rfst25r3916.o
    0x0800fe04   0x0800fe04   0x00000030   Code   RO          370    i.rfalT1TPollerInitialize  rfal_t1t.o
    0x0800fe34   0x0800fe34   0x00000052   Code   RO          372    i.rfalT1TPollerRid  rfal_t1t.o
    0x0800fe86   0x0800fe86   0x00000002   PAD
    0x0800fe88   0x0800fe88   0x0000004c   Code   RO          377    i.rfalT2TPollerRead  rfal_t2t.o
    0x0800fed4   0x0800fed4   0x0000007c   Code   RO          378    i.rfalT2TPollerSectorSelect  rfal_t2t.o
    0x0800ff50   0x0800ff50   0x00000054   Code   RO          379    i.rfalT2TPollerWrite  rfal_t2t.o
    0x0800ffa4   0x0800ffa4   0x0000007a   Code   RO          383    i.rfalT4TPollerComposeCAPDU  rfal_t4t.o
    0x0801001e   0x0801001e   0x00000034   Code   RO          384    i.rfalT4TPollerComposeReadData  rfal_t4t.o
    0x08010052   0x08010052   0x0000004a   Code   RO          385    i.rfalT4TPollerComposeReadDataODO  rfal_t4t.o
    0x0801009c   0x0801009c   0x00000040   Code   RO          386    i.rfalT4TPollerComposeSelectAppl  rfal_t4t.o
    0x080100dc   0x080100dc   0x00000040   Code   RO          387    i.rfalT4TPollerComposeSelectFile  rfal_t4t.o
    0x0801011c   0x0801011c   0x0000003e   Code   RO          388    i.rfalT4TPollerComposeSelectFileV1Mapping  rfal_t4t.o
    0x0801015a   0x0801015a   0x00000044   Code   RO          389    i.rfalT4TPollerComposeWriteData  rfal_t4t.o
    0x0801019e   0x0801019e   0x00000066   Code   RO          390    i.rfalT4TPollerComposeWriteDataODO  rfal_t4t.o
    0x08010204   0x08010204   0x00000032   Code   RO          391    i.rfalT4TPollerParseRAPDU  rfal_t4t.o
    0x08010236   0x08010236   0x00000002   PAD
    0x08010238   0x08010238   0x0000001c   Code   RO          460    i.rfalTransceiveBlockingRx  rfal_rfst25r3916.o
    0x08010254   0x08010254   0x0000003e   Code   RO          461    i.rfalTransceiveBlockingTx  rfal_rfst25r3916.o
    0x08010292   0x08010292   0x00000028   Code   RO          462    i.rfalTransceiveBlockingTxRx  rfal_rfst25r3916.o
    0x080102ba   0x080102ba   0x00000002   PAD
    0x080102bc   0x080102bc   0x00000026   Code   RO          463    i.rfalTransceiveRunBlockingTx  rfal_rfst25r3916.o
    0x080102e2   0x080102e2   0x00000002   PAD
    0x080102e4   0x080102e4   0x000003f4   Code   RO          464    i.rfalTransceiveRx  rfal_rfst25r3916.o
    0x080106d8   0x080106d8   0x0000027c   Code   RO          465    i.rfalTransceiveTx  rfal_rfst25r3916.o
    0x08010954   0x08010954   0x0000003c   Code   RO          466    i.rfalWakeUpModeFilter  rfal_rfst25r3916.o
    0x08010990   0x08010990   0x00000018   Code   RO          467    i.rfalWakeUpModeHasWoke  rfal_rfst25r3916.o
    0x080109a8   0x080109a8   0x000002a0   Code   RO          468    i.rfalWakeUpModeStart  rfal_rfst25r3916.o
    0x08010c48   0x08010c48   0x00000040   Code   RO          469    i.rfalWakeUpModeStop  rfal_rfst25r3916.o
    0x08010c88   0x08010c88   0x0000005c   Code   RO          470    i.rfalWorker        rfal_rfst25r3916.o
    0x08010ce4   0x08010ce4   0x0000006e   Code   RO          483    i.st25r3916AdjustRegulators  st25r3916.o
    0x08010d52   0x08010d52   0x00000036   Code   RO          484    i.st25r3916CalibrateCapacitiveSensor  st25r3916.o
    0x08010d88   0x08010d88   0x00000006   Code   RO          514    i.st25r3916ChangeRegisterBits  st25r3916_com.o
    0x08010d8e   0x08010d8e   0x00000030   Code   RO          515    i.st25r3916ChangeTestRegisterBits  st25r3916_com.o
    0x08010dbe   0x08010dbe   0x0000002e   Code   RO          485    i.st25r3916CheckChipID  st25r3916.o
    0x08010dec   0x08010dec   0x0000008c   Code   RO          544    i.st25r3916CheckForReceivedInterrupts  st25r3916_irq.o
    0x08010e78   0x08010e78   0x00000024   Code   RO          516    i.st25r3916CheckReg  st25r3916_com.o
    0x08010e9c   0x08010e9c   0x00000012   Code   RO          545    i.st25r3916ClearAndEnableInterrupts  st25r3916_irq.o
    0x08010eae   0x08010eae   0x00000002   PAD
    0x08010eb0   0x08010eb0   0x00000048   Code   RO          546    i.st25r3916ClearInterrupts  st25r3916_irq.o
    0x08010ef8   0x08010ef8   0x00000024   Code   RO          517    i.st25r3916ClrRegisterBits  st25r3916_com.o
    0x08010f1c   0x08010f1c   0x00000008   Code   RO          547    i.st25r3916DisableInterrupts  st25r3916_irq.o
    0x08010f24   0x08010f24   0x00000006   Code   RO          548    i.st25r3916EnableInterrupts  st25r3916_irq.o
    0x08010f2a   0x08010f2a   0x00000022   Code   RO          518    i.st25r3916ExecuteCommand  st25r3916_com.o
    0x08010f4c   0x08010f4c   0x00000040   Code   RO          487    i.st25r3916ExecuteCommandAndGetResult  st25r3916.o
    0x08010f8c   0x08010f8c   0x00000048   Code   RO          549    i.st25r3916GetInterrupt  st25r3916_irq.o
    0x08010fd4   0x08010fd4   0x00000026   Code   RO          489    i.st25r3916GetNumFIFOBytes  st25r3916.o
    0x08010ffa   0x08010ffa   0x00000002   PAD
    0x08010ffc   0x08010ffc   0x00000014   Code   RO          552    i.st25r3916InitInterrupts  st25r3916_irq.o
    0x08011010   0x08011010   0x000000cc   Code   RO          493    i.st25r3916Initialize  st25r3916.o
    0x080110dc   0x080110dc   0x0000000c   Code   RO          519    i.st25r3916IsRegValid  st25r3916_com.o
    0x080110e8   0x080110e8   0x0000001c   Code   RO          553    i.st25r3916Isr      st25r3916_irq.o
    0x08011104   0x08011104   0x0000000c   Code   RO          495    i.st25r3916MeasureAmplitude  st25r3916.o
    0x08011110   0x08011110   0x0000000c   Code   RO          496    i.st25r3916MeasureCapacitance  st25r3916.o
    0x0801111c   0x0801111c   0x0000000c   Code   RO          497    i.st25r3916MeasurePhase  st25r3916.o
    0x08011128   0x08011128   0x0000001e   Code   RO          498    i.st25r3916MeasurePowerSupply  st25r3916.o
    0x08011146   0x08011146   0x00000020   Code   RO          499    i.st25r3916MeasureVoltage  st25r3916.o
    0x08011166   0x08011166   0x00000002   PAD
    0x08011168   0x08011168   0x00000048   Code   RO          554    i.st25r3916ModifyInterrupts  st25r3916_irq.o
    0x080111b0   0x080111b0   0x0000002e   Code   RO          520    i.st25r3916ModifyRegister  st25r3916_com.o
    0x080111de   0x080111de   0x00000044   Code   RO          500    i.st25r3916OscOn    st25r3916.o
    0x08011222   0x08011222   0x00000002   PAD
    0x08011224   0x08011224   0x00000098   Code   RO          501    i.st25r3916PerformCollisionAvoidance  st25r3916.o
    0x080112bc   0x080112bc   0x00000026   Code   RO          521    i.st25r3916ReadFifo  st25r3916_com.o
    0x080112e2   0x080112e2   0x00000038   Code   RO          522    i.st25r3916ReadMultipleRegisters  st25r3916_com.o
    0x0801131a   0x0801131a   0x00000006   Code   RO          524    i.st25r3916ReadRegister  st25r3916_com.o
    0x08011320   0x08011320   0x00000030   Code   RO          525    i.st25r3916ReadTestRegister  st25r3916_com.o
    0x08011350   0x08011350   0x0000004c   Code   RO          502    i.st25r3916SetBitrate  st25r3916.o
    0x0801139c   0x0801139c   0x00000018   Code   RO          503    i.st25r3916SetGPTime  st25r3916.o
    0x080113b4   0x080113b4   0x00000048   Code   RO          504    i.st25r3916SetNoResponseTime  st25r3916.o
    0x080113fc   0x080113fc   0x00000018   Code   RO          505    i.st25r3916SetNumTxBits  st25r3916.o
    0x08011414   0x08011414   0x00000024   Code   RO          526    i.st25r3916SetRegisterBits  st25r3916_com.o
    0x08011438   0x08011438   0x0000001e   Code   RO          506    i.st25r3916SetStartGPTimer  st25r3916.o
    0x08011456   0x08011456   0x00000068   Code   RO          508    i.st25r3916StreamConfigure  st25r3916.o
    0x080114be   0x080114be   0x00000002   PAD
    0x080114c0   0x080114c0   0x0000006c   Code   RO          555    i.st25r3916WaitForInterruptsTimed  st25r3916_irq.o
    0x0801152c   0x0801152c   0x00000034   Code   RO          527    i.st25r3916WriteFifo  st25r3916_com.o
    0x08011560   0x08011560   0x00000046   Code   RO          528    i.st25r3916WriteMultipleRegisters  st25r3916_com.o
    0x080115a6   0x080115a6   0x00000032   Code   RO          529    i.st25r3916WritePTMem  st25r3916_com.o
    0x080115d8   0x080115d8   0x00000032   Code   RO          530    i.st25r3916WritePTMemF  st25r3916_com.o
    0x0801160a   0x0801160a   0x00000032   Code   RO          531    i.st25r3916WritePTMemTSN  st25r3916_com.o
    0x0801163c   0x0801163c   0x00000010   Code   RO          532    i.st25r3916WriteRegister  st25r3916_com.o
    0x0801164c   0x0801164c   0x00000034   Code   RO          533    i.st25r3916WriteTestRegister  st25r3916_com.o
    0x08011680   0x08011680   0x0000001e   Code   RO          534    i.st25r3916comRx    st25r3916_com.o
    0x0801169e   0x0801169e   0x00000002   PAD
    0x080116a0   0x080116a0   0x00000038   Code   RO          535    i.st25r3916comStart  st25r3916_com.o
    0x080116d8   0x080116d8   0x00000030   Code   RO          536    i.st25r3916comStop  st25r3916_com.o
    0x08011708   0x08011708   0x0000000e   Code   RO          537    i.st25r3916comTx    st25r3916_com.o
    0x08011716   0x08011716   0x00000014   Code   RO          538    i.st25r3916comTxByte  st25r3916_com.o
    0x0801172a   0x0801172a   0x00000030   Code   RO          560    i.st25r3916ledEvtCmd  st25r3916_led.o
    0x0801175a   0x0801175a   0x00000014   Code   RO          561    i.st25r3916ledEvtIrq  st25r3916_led.o
    0x0801176e   0x0801176e   0x00000024   Code   RO          562    i.st25r3916ledEvtWrMultiReg  st25r3916_led.o
    0x08011792   0x08011792   0x0000001c   Code   RO          563    i.st25r3916ledEvtWrReg  st25r3916_led.o
    0x080117ae   0x080117ae   0x0000000e   Code   RO          564    i.st25r3916ledInit  st25r3916_led.o
    0x080117bc   0x080117bc   0x0000000c   Code   RO          568    i.timerCalculateTimer  timer.o
    0x080117c8   0x080117c8   0x00000014   Code   RO          570    i.timerIsExpired    timer.o
    0x080117dc   0x080117dc   0x00000298   Data   RO           57    .constdata          analogconfigtbl_nfc06a1.o
    0x08011a74   0x08011a74   0x00000002   Data   RO           58    .constdata          analogconfigtbl_nfc06a1.o
    0x08011a76   0x08011a76   0x00000002   PAD
    0x08011a78   0x08011a78   0x00000020   Data   RO           79    .constdata          nucleo_l476rg_bus.o
    0x08011a98   0x08011a98   0x00000008   Data   RO           98    .constdata          ndef_demo.o
    0x08011aa0   0x08011aa0   0x00000011   Data   RO           99    .constdata          ndef_demo.o
    0x08011ab1   0x08011ab1   0x00000003   PAD
    0x08011ab4   0x08011ab4   0x000000fc   Data   RO          121    .constdata          ndef_dump.o
    0x08011bb0   0x08011bb0   0x00000008   Data   RO          250    .constdata          rfal_nfcb.o
    0x08011bb8   0x08011bb8   0x00000040   Data   RO          477    .constdata          system_stm32l4xx.o
    0x08011bf8   0x08011bf8   0x00000008   Data   RO          478    .constdata          system_stm32l4xx.o
    0x08011c00   0x08011c00   0x00000006   Data   RO         1074    .constdata          stm32l4xx_nucleo.o
    0x08011c06   0x08011c06   0x00000002   PAD
    0x08011c08   0x08011c08   0x0000008c   Data   RO         1115    .constdata          ndef_types.o
    0x08011c94   0x08011c94   0x00000001   Data   RO         1116    .constdata          ndef_types.o
    0x08011c95   0x08011c95   0x0000000d   Data   RO         1135    .constdata          ndef_types_mime.o
    0x08011ca2   0x08011ca2   0x00000002   PAD
    0x08011ca4   0x08011ca4   0x00000044   Data   RO         1136    .constdata          ndef_types_mime.o
    0x08011ce8   0x08011ce8   0x00000003   Data   RO         1175    .constdata          ndef_types_rtd.o
    0x08011ceb   0x08011ceb   0x00000002   Data   RO         1176    .constdata          ndef_types_rtd.o
    0x08011ced   0x08011ced   0x00000002   Data   RO         1177    .constdata          ndef_types_rtd.o
    0x08011cef   0x08011cef   0x00000001   PAD
    0x08011cf0   0x08011cf0   0x00000158   Data   RO         1178    .constdata          ndef_types_rtd.o
    0x08011e48   0x08011e48   0x00000001   Data   RO         1179    .constdata          ndef_types_rtd.o
    0x08011e49   0x08011e49   0x0000000c   Data   RO         1180    .constdata          ndef_types_rtd.o
    0x08011e55   0x08011e55   0x0000000d   Data   RO         1181    .constdata          ndef_types_rtd.o
    0x08011e62   0x08011e62   0x00000008   Data   RO         1182    .constdata          ndef_types_rtd.o
    0x08011e6a   0x08011e6a   0x00000009   Data   RO         1183    .constdata          ndef_types_rtd.o
    0x08011e73   0x08011e73   0x00000005   Data   RO         1184    .constdata          ndef_types_rtd.o
    0x08011e78   0x08011e78   0x00000008   Data   RO         1185    .constdata          ndef_types_rtd.o
    0x08011e80   0x08011e80   0x0000001b   Data   RO         1186    .constdata          ndef_types_rtd.o
    0x08011e9b   0x08011e9b   0x0000000b   Data   RO         1187    .constdata          ndef_types_rtd.o
    0x08011ea6   0x08011ea6   0x00000008   Data   RO         1188    .constdata          ndef_types_rtd.o
    0x08011eae   0x08011eae   0x00000008   Data   RO         1189    .constdata          ndef_types_rtd.o
    0x08011eb6   0x08011eb6   0x00000007   Data   RO         1190    .constdata          ndef_types_rtd.o
    0x08011ebd   0x08011ebd   0x00000007   Data   RO         1191    .constdata          ndef_types_rtd.o
    0x08011ec4   0x08011ec4   0x00000007   Data   RO         1192    .constdata          ndef_types_rtd.o
    0x08011ecb   0x08011ecb   0x00000007   Data   RO         1193    .constdata          ndef_types_rtd.o
    0x08011ed2   0x08011ed2   0x00000006   Data   RO         1194    .constdata          ndef_types_rtd.o
    0x08011ed8   0x08011ed8   0x0000000a   Data   RO         1195    .constdata          ndef_types_rtd.o
    0x08011ee2   0x08011ee2   0x00000006   Data   RO         1196    .constdata          ndef_types_rtd.o
    0x08011ee8   0x08011ee8   0x00000008   Data   RO         1197    .constdata          ndef_types_rtd.o
    0x08011ef0   0x08011ef0   0x00000005   Data   RO         1198    .constdata          ndef_types_rtd.o
    0x08011ef5   0x08011ef5   0x00000005   Data   RO         1199    .constdata          ndef_types_rtd.o
    0x08011efa   0x08011efa   0x00000005   Data   RO         1200    .constdata          ndef_types_rtd.o
    0x08011eff   0x08011eff   0x00000006   Data   RO         1201    .constdata          ndef_types_rtd.o
    0x08011f05   0x08011f05   0x00000006   Data   RO         1202    .constdata          ndef_types_rtd.o
    0x08011f0b   0x08011f0b   0x00000009   Data   RO         1203    .constdata          ndef_types_rtd.o
    0x08011f14   0x08011f14   0x0000000b   Data   RO         1204    .constdata          ndef_types_rtd.o
    0x08011f1f   0x08011f1f   0x0000000a   Data   RO         1205    .constdata          ndef_types_rtd.o
    0x08011f29   0x08011f29   0x0000000b   Data   RO         1206    .constdata          ndef_types_rtd.o
    0x08011f34   0x08011f34   0x0000000c   Data   RO         1207    .constdata          ndef_types_rtd.o
    0x08011f40   0x08011f40   0x00000008   Data   RO         1208    .constdata          ndef_types_rtd.o
    0x08011f48   0x08011f48   0x0000000c   Data   RO         1209    .constdata          ndef_types_rtd.o
    0x08011f54   0x08011f54   0x0000000c   Data   RO         1210    .constdata          ndef_types_rtd.o
    0x08011f60   0x08011f60   0x0000000d   Data   RO         1211    .constdata          ndef_types_rtd.o
    0x08011f6d   0x08011f6d   0x0000000d   Data   RO         1212    .constdata          ndef_types_rtd.o
    0x08011f7a   0x08011f7a   0x00000009   Data   RO         1213    .constdata          ndef_types_rtd.o
    0x08011f83   0x08011f83   0x00000009   Data   RO         1214    .constdata          ndef_types_rtd.o
    0x08011f8c   0x08011f8c   0x00000001   Data   RO         1215    .constdata          ndef_types_rtd.o
    0x08011f8d   0x08011f8d   0x00000003   PAD
    0x08011f90   0x08011f90   0x00000030   Data   RO         1233    .constdata          ndef_poller.o
    0x08011fc0   0x08011fc0   0x00000030   Data   RO         1234    .constdata          ndef_poller.o
    0x08011ff0   0x08011ff0   0x00000030   Data   RO         1235    .constdata          ndef_poller.o
    0x08012020   0x08012020   0x00000030   Data   RO         1236    .constdata          ndef_poller.o
    0x08012050   0x08012050   0x00000030   Data   RO         1237    .constdata          ndef_poller.o
    0x08012080   0x08012080   0x00000004   Data   RO         1256    .constdata          ndef_t2t.o
    0x08012084   0x08012084   0x00000010   Data   RO         1300    .constdata          ndef_t4t.o
    0x08012094   0x08012094   0x00000004   Data   RO         1321    .constdata          ndef_t5t.o
    0x08012098   0x08012098   0x00000018   Data   RO         1332    .constdata          ndef_type_wifi.o
    0x080120b0   0x080120b0   0x00000010   Data   RO         1333    .constdata          ndef_type_wifi.o
    0x080120c0   0x080120c0   0x00000419   Data   RO          100    .conststring        ndef_demo.o
    0x080124d9   0x080124d9   0x00000003   PAD
    0x080124dc   0x080124dc   0x00000166   Data   RO          122    .conststring        ndef_dump.o
    0x08012642   0x08012642   0x00000002   PAD
    0x08012644   0x08012644   0x00000020   Data   RO         1407    Region$$Table       anon$$obj.o


    Execution Region RW_IRAM1 (Exec base: 0x20000000, Load base: 0x08012664, Size: 0x00004cc0, Max: 0x00018000, ABSOLUTE, COMPRESSED[0x00000104])

    Exec Addr    Load Addr    Size         Type   Attr      Idx    E Section Name        Object

    0x20000000   COMPRESSED   0x00000001   Data   RW           20    .data               main.o
    0x20000001   COMPRESSED   0x00000003   PAD
    0x20000004   COMPRESSED   0x00000008   Data   RW           45    .data               logger.o
    0x2000000c   COMPRESSED   0x0000000c   Data   RW           80    .data               nucleo_l476rg_bus.o
    0x20000018   COMPRESSED   0x000000b0   Data   RW          101    .data               ndef_demo.o
    0x200000c8   COMPRESSED   0x00000004   Data   RW          123    .data               ndef_dump.o
    0x200000cc   COMPRESSED   0x00000008   Data   RW          140    .data               rfal_analogconfig.o
    0x200000d4   COMPRESSED   0x0000000c   Data   RW          154    .data               rfal_iso15693_2.o
    0x200000e0   COMPRESSED   0x00000001   Data   RW          218    .data               rfal_nfc.o
    0x200000e1   COMPRESSED   0x00000002   Data   RW          251    .data               rfal_nfcb.o
    0x200000e3   COMPRESSED   0x00000001   PAD
    0x200000e4   COMPRESSED   0x00000004   Data   RW          479    .data               system_stm32l4xx.o
    0x200000e8   COMPRESSED   0x00000004   Data   RW          510    .data               st25r3916.o
    0x200000ec   COMPRESSED   0x0000000c   Data   RW          612    .data               stm32l4xx_hal.o
    0x200000f8   COMPRESSED   0x00000030   Data   RW         1047    .data               nfc06a1.o
    0x20000128   COMPRESSED   0x0000000c   Data   RW         1075    .data               stm32l4xx_nucleo.o
    0x20000134   COMPRESSED   0x00000001   Data   RW         1086    .data               ndef_message.o
    0x20000135   COMPRESSED   0x00000003   PAD
    0x20000138   COMPRESSED   0x00000008   Data   RW         1117    .data               ndef_types.o
    0x20000140   COMPRESSED   0x0000000c   Data   RW         1142    .data               ndef_types_mime.o
    0x2000014c   COMPRESSED   0x0000000c   Data   RW         1216    .data               ndef_types_rtd.o
    0x20000158   COMPRESSED   0x00000018   Data   RW         1238    .data               ndef_poller.o
    0x20000170   COMPRESSED   0x00000048   Data   RW         1334    .data               ndef_type_wifi.o
    0x200001b8   COMPRESSED   0x00000001   Data   RW         1335    .data               ndef_type_wifi.o
    0x200001b9   COMPRESSED   0x00000003   PAD
    0x200001bc        -       0x00000080   Zero   RW           19    .bss                main.o
    0x2000023c        -       0x00000200   Zero   RW           44    .bss                logger.o
    0x2000043c        -       0x0000008c   Zero   RW           76    .bss                nucleo_l476rg_bus.o
    0x200004c8        -       0x00002760   Zero   RW           97    .bss                ndef_demo.o
    0x20002c28        -       0x000000bc   Zero   RW          197    .bss                rfal_isodep.o
    0x20002ce4        -       0x00000884   Zero   RW          217    .bss                rfal_nfc.o
    0x20003568        -       0x00000038   Zero   RW          236    .bss                rfal_nfca.o
    0x200035a0        -       0x000000b0   Zero   RW          283    .bss                rfal_nfcdep.o
    0x20003650        -       0x00000142   Zero   RW          295    .bss                rfal_nfcf.o
    0x20003792   COMPRESSED   0x00000002   PAD
    0x20003794        -       0x00000404   Zero   RW          471    .bss                rfal_rfst25r3916.o
    0x20003b98        -       0x00000010   Zero   RW          556    .bss                st25r3916_irq.o
    0x20003ba8        -       0x00000118   Zero   RW         1085    .bss                ndef_message.o
    0x20003cc0        -       0x00001000   Zero   RW          124    STACK               startup_stm32l476xx.o


==============================================================================

Image component sizes


      Code (inc. data)   RO Data    RW Data    ZI Data      Debug   Object Name

         0          0        666          0          0          0   analogconfigtbl_nfc06a1.o
       286         46          0          8        512          0   logger.o
       294         98          0          1        128          0   main.o
      6014       2866       1074        176      10080          0   ndef_demo.o
      2144        748        610          4          0          0   ndef_dump.o
       394         14          0          1        280          0   ndef_message.o
       496          4        240         24          0          0   ndef_poller.o
       926          0          0          0          0          0   ndef_record.o
      1670          4          4          0          0          0   ndef_t2t.o
      2020          0          0          0          0          0   ndef_t3t.o
      2216         20         16          0          0          0   ndef_t4t.o
      2932          6          4          0          0          0   ndef_t5t.o
       590         36         40         73          0          0   ndef_type_wifi.o
       338         10        141          8          0          0   ndef_types.o
      1076         52         81         12          0          0   ndef_types_mime.o
      1756        114        676         12          0          0   ndef_types_rtd.o
       172         20          0         48          0          0   nfc06a1.o
       672         80         32         12        140          0   nucleo_l476rg_bus.o
       272         22          0          8          0          0   rfal_analogconfig.o
        40          0          0          0          0          0   rfal_crc.o
       982         18          0         12          0          0   rfal_iso15693_2.o
      5218        168          0          0        188          0   rfal_isodep.o
      4092        140          0          1       2180          0   rfal_nfc.o
      1568         22          0          0         56          0   rfal_nfca.o
       938         28          8          2          0          0   rfal_nfcb.o
      4852        186          0          0        176          0   rfal_nfcdep.o
      1106         32          0          0        322          0   rfal_nfcf.o
      1426          8          0          0          0          0   rfal_nfcv.o
      9120        384          0          0       1028          0   rfal_rfst25r3916.o
       634          0          0          0          0          0   rfal_st25tb.o
       192          0          0          0          0          0   rfal_st25xv.o
       130          0          0          0          0          0   rfal_t1t.o
       284         10          0          0          0          0   rfal_t2t.o
       658          0          0          0          0          0   rfal_t4t.o
      1164         78          0          4          0          0   st25r3916.o
       910         18          0          0          0          0   st25r3916_com.o
       604         50          0          0         16          0   st25r3916_irq.o
       146          0          0          0          0          0   st25r3916_led.o
        36          8        392          0       4096          0   startup_stm32l476xx.o
       162         24          0         12          0          0   stm32l4xx_hal.o
       232         14          0          0          0          0   stm32l4xx_hal_cortex.o
        70          6          0          0          0          0   stm32l4xx_hal_exti.o
       850         70          0          0          0          0   stm32l4xx_hal_gpio.o
       684         76          0          0          0          0   stm32l4xx_hal_msp.o
       120         20          0          0          0          0   stm32l4xx_hal_pwr_ex.o
      1896         98          0          0          0          0   stm32l4xx_hal_rcc.o
      1522         48          0          0          0          0   stm32l4xx_hal_rcc_ex.o
      1670         48          0          0          0          0   stm32l4xx_hal_spi.o
      1338         70          0          0          0          0   stm32l4xx_hal_uart.o
        24          0          0          0          0          0   stm32l4xx_it.o
       148         18          6         12          0          0   stm32l4xx_nucleo.o
        68         12         72          4          0          0   system_stm32l4xx.o
        32          0          0          0          0          0   timer.o

    ----------------------------------------------------------------------
     67322       5794       4112        444      19204          0   Object Totals
         0          0         32          0          0          0   (incl. Generated)
       138          0         18         10          2          0   (incl. Padding)

    ----------------------------------------------------------------------

      Code (inc. data)   RO Data    RW Data    ZI Data      Debug   Library Member Name

        86          0          0          0          0          0   __dczerorl2.o
         0          0          0          0          0          0   entry.o
         0          0          0          0          0          0   entry10a.o
         0          0          0          0          0          0   entry11a.o
         4          0          0          0          0          0   entry12b.o
         8          4          0          0          0          0   entry2.o
         4          0          0          0          0          0   entry5.o
         0          0          0          0          0          0   entry7b.o
         0          0          0          0          0          0   entry8b.o
         8          4          0          0          0          0   entry9a.o
        30          0          0          0          0          0   handlers.o
        36          8          0          0          0          0   init.o
         0          0          0          0          0          0   iusefp.o
        30          0          0          0          0          0   llshl.o
        36          0          0          0          0          0   llsshr.o
        32          0          0          0          0          0   llushr.o
        26          0          0          0          0          0   memcmp.o
        64          0          0          0          0          0   memmovea.o
        36          0          0          0          0          0   memseta.o
      2272         86          0          0          0          0   printfa.o
        14          0          0          0          0          0   strlen.o
        44          0          0          0          0          0   uidiv.o
       104          0          0          0          0          0   uldiv.o
        48          0          0          0          0          0   cdrcmple.o
       350          0          0          0          0          0   dadd.o
       222          0          0          0          0          0   ddiv.o
       186          0          0          0          0          0   depilogue.o
        48          0          0          0          0          0   dfixul.o
       234          0          0          0          0          0   dmul.o

    ----------------------------------------------------------------------
      3930        102          0          0          0          0   Library Totals
         8          0          0          0          0          0   (incl. Padding)

    ----------------------------------------------------------------------

      Code (inc. data)   RO Data    RW Data    ZI Data      Debug   Library Name

      2834        102          0          0          0          0   mc_w.l
      1088          0          0          0          0          0   mf_w.l

    ----------------------------------------------------------------------
      3930        102          0          0          0          0   Library Totals

    ----------------------------------------------------------------------

==============================================================================


      Code (inc. data)   RO Data    RW Data    ZI Data      Debug   

     71252       5896       4112        444      19204          0   Grand Totals
     71252       5896       4112        260      19204          0   ELF Image Totals (compressed)
     71252       5896       4112        260          0          0   ROM Totals

==============================================================================

    Total RO  Size (Code + RO Data)                75364 (  73.60kB)
    Total RW  Size (RW Data + ZI Data)             19648 (  19.19kB)
    Total ROM Size (Code + RO Data + RW Data)      75624 (  73.85kB)

==============================================================================

